Archive member included to satisfy reference by file (symbol)

e:/quartus/nios2eds/bin/gnu/h-x86_64-mingw32/bin/../lib/gcc/nios2-elf/5.3.0/mno-hw-mul\libgcc.a(lib2-divmod.o)
                              obj/default/main.o (__modsi3)
e:/quartus/nios2eds/bin/gnu/h-x86_64-mingw32/bin/../lib/gcc/nios2-elf/5.3.0/mno-hw-mul\libgcc.a(lib2-mul.o)
                              obj/default/main.o (__mulsi3)
e:/quartus/nios2eds/bin/gnu/h-x86_64-mingw32/bin/../lib/gcc/nios2-elf/5.3.0/../../../../../H-x86_64-mingw32/nios2-elf/lib/mno-hw-mul\libsmallc.a(lib_a-printf.o)
                              obj/default/main.o (printf)
e:/quartus/nios2eds/bin/gnu/h-x86_64-mingw32/bin/../lib/gcc/nios2-elf/5.3.0/../../../../../H-x86_64-mingw32/nios2-elf/lib/mno-hw-mul\libsmallc.a(lib_a-putchar.o)
                              obj/default/main.o (putchar)
e:/quartus/nios2eds/bin/gnu/h-x86_64-mingw32/bin/../lib/gcc/nios2-elf/5.3.0/../../../../../H-x86_64-mingw32/nios2-elf/lib/mno-hw-mul\libsmallc.a(lib_a-puts.o)
                              obj/default/main.o (puts)
e:/quartus/nios2eds/bin/gnu/h-x86_64-mingw32/bin/../lib/gcc/nios2-elf/5.3.0/../../../../../H-x86_64-mingw32/nios2-elf/lib/mno-hw-mul\libsmallc.a(lib_a-strlen.o)
                              e:/quartus/nios2eds/bin/gnu/h-x86_64-mingw32/bin/../lib/gcc/nios2-elf/5.3.0/../../../../../H-x86_64-mingw32/nios2-elf/lib/mno-hw-mul\libsmallc.a(lib_a-puts.o) (strlen)
e:/quartus/nios2eds/bin/gnu/h-x86_64-mingw32/bin/../lib/gcc/nios2-elf/5.3.0/../../../../../H-x86_64-mingw32/nios2-elf/lib/mno-hw-mul\libsmallc.a(lib_a-vfprintf.o)
                              e:/quartus/nios2eds/bin/gnu/h-x86_64-mingw32/bin/../lib/gcc/nios2-elf/5.3.0/../../../../../H-x86_64-mingw32/nios2-elf/lib/mno-hw-mul\libsmallc.a(lib_a-printf.o) (___vfprintf_internal_r)
e:/quartus/nios2eds/bin/gnu/h-x86_64-mingw32/bin/../lib/gcc/nios2-elf/5.3.0/../../../../../H-x86_64-mingw32/nios2-elf/lib/mno-hw-mul\libsmallc.a(lib_a-fvwrite_small_dev.o)
                              e:/quartus/nios2eds/bin/gnu/h-x86_64-mingw32/bin/../lib/gcc/nios2-elf/5.3.0/../../../../../H-x86_64-mingw32/nios2-elf/lib/mno-hw-mul\libsmallc.a(lib_a-printf.o) (__sfvwrite_small_dev)
e:/quartus/nios2eds/bin/gnu/h-x86_64-mingw32/bin/../lib/gcc/nios2-elf/5.3.0/../../../../../H-x86_64-mingw32/nios2-elf/lib/mno-hw-mul\libsmallc.a(lib_a-impure.o)
                              e:/quartus/nios2eds/bin/gnu/h-x86_64-mingw32/bin/../lib/gcc/nios2-elf/5.3.0/../../../../../H-x86_64-mingw32/nios2-elf/lib/mno-hw-mul\libsmallc.a(lib_a-printf.o) (_impure_ptr)
e:/quartus/nios2eds/bin/gnu/h-x86_64-mingw32/bin/../lib/gcc/nios2-elf/5.3.0/../../../../../H-x86_64-mingw32/nios2-elf/lib/mno-hw-mul\libsmallc.a(lib_a-putc.o)
                              e:/quartus/nios2eds/bin/gnu/h-x86_64-mingw32/bin/../lib/gcc/nios2-elf/5.3.0/../../../../../H-x86_64-mingw32/nios2-elf/lib/mno-hw-mul\libsmallc.a(lib_a-putchar.o) (_putc_r)
e:/quartus/nios2eds/bin/gnu/h-x86_64-mingw32/bin/../lib/gcc/nios2-elf/5.3.0/../../../../../H-x86_64-mingw32/nios2-elf/lib/mno-hw-mul\libsmallc.a(lib_a-writer.o)
                              e:/quartus/nios2eds/bin/gnu/h-x86_64-mingw32/bin/../lib/gcc/nios2-elf/5.3.0/../../../../../H-x86_64-mingw32/nios2-elf/lib/mno-hw-mul\libsmallc.a(lib_a-fvwrite_small_dev.o) (_write_r)
e:/quartus/nios2eds/bin/gnu/h-x86_64-mingw32/bin/../lib/gcc/nios2-elf/5.3.0/../../../../../H-x86_64-mingw32/nios2-elf/lib/mno-hw-mul\libsmallc.a(lib_a-int_errno.o)
                              e:/quartus/nios2eds/bin/gnu/h-x86_64-mingw32/bin/../lib/gcc/nios2-elf/5.3.0/../../../../../H-x86_64-mingw32/nios2-elf/lib/mno-hw-mul\libsmallc.a(lib_a-writer.o) (errno)
../nios2leds_bsp/\libhal_bsp.a(alt_load.o)
                              ../nios2leds_bsp//obj/HAL/src/crt0.o (alt_load)
../nios2leds_bsp/\libhal_bsp.a(alt_main.o)
                              ../nios2leds_bsp//obj/HAL/src/crt0.o (alt_main)
../nios2leds_bsp/\libhal_bsp.a(alt_usleep.o)
                              obj/default/main.o (usleep)
../nios2leds_bsp/\libhal_bsp.a(alt_write.o)
                              e:/quartus/nios2eds/bin/gnu/h-x86_64-mingw32/bin/../lib/gcc/nios2-elf/5.3.0/../../../../../H-x86_64-mingw32/nios2-elf/lib/mno-hw-mul\libsmallc.a(lib_a-writer.o) (write)
../nios2leds_bsp/\libhal_bsp.a(alt_sys_init.o)
                              ../nios2leds_bsp/\libhal_bsp.a(alt_write.o) (jtag_uart)
../nios2leds_bsp/\libhal_bsp.a(altera_avalon_jtag_uart_write.o)
                              ../nios2leds_bsp/\libhal_bsp.a(alt_write.o) (altera_avalon_jtag_uart_write)
../nios2leds_bsp/\libhal_bsp.a(altera_avalon_timer_sc.o)
                              ../nios2leds_bsp/\libhal_bsp.a(alt_sys_init.o) (alt_avalon_timer_sc_init)
../nios2leds_bsp/\libhal_bsp.a(alt_busy_sleep.o)
                              ../nios2leds_bsp/\libhal_bsp.a(alt_usleep.o) (alt_busy_sleep)
../nios2leds_bsp/\libhal_bsp.a(alt_dcache_flush_all.o)
                              ../nios2leds_bsp/\libhal_bsp.a(alt_load.o) (alt_dcache_flush_all)
../nios2leds_bsp/\libhal_bsp.a(alt_errno.o)
                              ../nios2leds_bsp/\libhal_bsp.a(alt_write.o) (alt_errno)
../nios2leds_bsp/\libhal_bsp.a(alt_icache_flush_all.o)
                              ../nios2leds_bsp/\libhal_bsp.a(alt_load.o) (alt_icache_flush_all)
../nios2leds_bsp/\libhal_bsp.a(alt_iic.o)
                              ../nios2leds_bsp/\libhal_bsp.a(altera_avalon_timer_sc.o) (alt_ic_isr_register)
../nios2leds_bsp/\libhal_bsp.a(alt_iic_isr_register.o)
                              ../nios2leds_bsp/\libhal_bsp.a(alt_iic.o) (alt_iic_isr_register)
../nios2leds_bsp/\libhal_bsp.a(alt_irq_entry.o)
                              ../nios2leds_bsp/\libhal_bsp.a(alt_iic_isr_register.o) (alt_irq_entry)
../nios2leds_bsp/\libhal_bsp.a(alt_irq_handler.o)
                              ../nios2leds_bsp/\libhal_bsp.a(alt_iic_isr_register.o) (alt_irq)
../nios2leds_bsp/\libhal_bsp.a(alt_irq_vars.o)
                              ../nios2leds_bsp/\libhal_bsp.a(alt_iic.o) (alt_irq_active)
../nios2leds_bsp/\libhal_bsp.a(alt_tick.o)
                              ../nios2leds_bsp/\libhal_bsp.a(altera_avalon_timer_sc.o) (_alt_tick_rate)
../nios2leds_bsp/\libhal_bsp.a(altera_nios2_gen2_irq.o)
                              ../nios2leds_bsp/\libhal_bsp.a(alt_sys_init.o) (altera_nios2_gen2_irq_init)
../nios2leds_bsp/\libhal_bsp.a(alt_exception_entry.o)
                              ../nios2leds_bsp/\libhal_bsp.a(alt_irq_entry.o) (alt_exception)

Allocating common symbols
Common symbol       size              file

alt_irq             0x100             ../nios2leds_bsp/\libhal_bsp.a(alt_irq_handler.o)
errno               0x4               e:/quartus/nios2eds/bin/gnu/h-x86_64-mingw32/bin/../lib/gcc/nios2-elf/5.3.0/../../../../../H-x86_64-mingw32/nios2-elf/lib/mno-hw-mul\libsmallc.a(lib_a-int_errno.o)

Memory Configuration

Name             Origin             Length             Attributes
reset            0x0000000000010000 0x0000000000000020
memory           0x0000000000010020 0x000000000000ffe0
*default*        0x0000000000000000 0xffffffffffffffff

Linker script and memory map

LOAD ../nios2leds_bsp//obj/HAL/src/crt0.o
LOAD obj/default/main.o
LOAD e:/quartus/nios2eds/bin/gnu/h-x86_64-mingw32/bin/../lib/gcc/nios2-elf/5.3.0/../../../../../H-x86_64-mingw32/nios2-elf/lib/mno-hw-mul\libstdc++.a
LOAD e:/quartus/nios2eds/bin/gnu/h-x86_64-mingw32/bin/../lib/gcc/nios2-elf/5.3.0/../../../../../H-x86_64-mingw32/nios2-elf/lib/mno-hw-mul\libm.a
LOAD e:/quartus/nios2eds/bin/gnu/h-x86_64-mingw32/bin/../lib/gcc/nios2-elf/5.3.0/mno-hw-mul\libgcc.a
START GROUP
LOAD e:/quartus/nios2eds/bin/gnu/h-x86_64-mingw32/bin/../lib/gcc/nios2-elf/5.3.0/../../../../../H-x86_64-mingw32/nios2-elf/lib/mno-hw-mul\libsmallc.a
LOAD e:/quartus/nios2eds/bin/gnu/h-x86_64-mingw32/bin/../lib/gcc/nios2-elf/5.3.0/mno-hw-mul\libgcc.a
LOAD ../nios2leds_bsp/\libhal_bsp.a
LOAD e:/quartus/nios2eds/bin/gnu/h-x86_64-mingw32/bin/../lib/gcc/nios2-elf/5.3.0/../../../../../H-x86_64-mingw32/nios2-elf/lib/mno-hw-mul\libm.a
END GROUP
LOAD e:/quartus/nios2eds/bin/gnu/h-x86_64-mingw32/bin/../lib/gcc/nios2-elf/5.3.0/mno-hw-mul\libgcc.a
                0x0000000000010000                __alt_mem_memory = 0x10000

.entry          0x0000000000010000        0x0
 *(.entry)
 .entry         0x0000000000010000        0x0 ../nios2leds_bsp//obj/HAL/src/crt0.o
                0x0000000000010000                _exit
                0x0000000000010000                __reset

.exceptions     0x0000000000010020      0x1a0
                0x0000000000010020                PROVIDE (__ram_exceptions_start, ABSOLUTE (.))
                0x0000000000010020                . = ALIGN (0x20)
 *(.irq)
 *(.exceptions.entry.label)
 .exceptions.entry.label
                0x0000000000010020        0x0 ../nios2leds_bsp/\libhal_bsp.a(alt_irq_entry.o)
                0x0000000000010020                alt_irq_entry
 .exceptions.entry.label
                0x0000000000010020        0x0 ../nios2leds_bsp/\libhal_bsp.a(alt_exception_entry.o)
                0x0000000000010020                alt_exception
 *(.exceptions.entry.user)
 *(.exceptions.entry.ecc_fatal)
 *(.exceptions.entry)
 .exceptions.entry
                0x0000000000010020       0x54 ../nios2leds_bsp/\libhal_bsp.a(alt_exception_entry.o)
 *(.exceptions.irqtest.user)
 *(.exceptions.irqtest)
 .exceptions.irqtest
                0x0000000000010074       0x10 ../nios2leds_bsp/\libhal_bsp.a(alt_irq_entry.o)
 *(.exceptions.irqhandler.user)
 *(.exceptions.irqhandler)
 .exceptions.irqhandler
                0x0000000000010084        0x4 ../nios2leds_bsp/\libhal_bsp.a(alt_irq_entry.o)
 *(.exceptions.irqreturn.user)
 *(.exceptions.irqreturn)
 .exceptions.irqreturn
                0x0000000000010088        0x4 ../nios2leds_bsp/\libhal_bsp.a(alt_irq_entry.o)
 *(.exceptions.notirq.label)
 .exceptions.notirq.label
                0x000000000001008c        0x0 ../nios2leds_bsp/\libhal_bsp.a(alt_irq_entry.o)
 *(.exceptions.notirq.user)
 *(.exceptions.notirq)
 .exceptions.notirq
                0x000000000001008c        0x8 ../nios2leds_bsp/\libhal_bsp.a(alt_exception_entry.o)
 *(.exceptions.soft.user)
 *(.exceptions.soft)
 *(.exceptions.unknown.user)
 *(.exceptions.unknown)
 .exceptions.unknown
                0x0000000000010094        0x4 ../nios2leds_bsp/\libhal_bsp.a(alt_exception_entry.o)
 *(.exceptions.exit.label)
 .exceptions.exit.label
                0x0000000000010098        0x0 ../nios2leds_bsp/\libhal_bsp.a(alt_irq_entry.o)
 .exceptions.exit.label
                0x0000000000010098        0x0 ../nios2leds_bsp/\libhal_bsp.a(alt_exception_entry.o)
 *(.exceptions.exit.user)
 *(.exceptions.exit)
 .exceptions.exit
                0x0000000000010098       0x54 ../nios2leds_bsp/\libhal_bsp.a(alt_exception_entry.o)
 *(.exceptions)
 .exceptions    0x00000000000100ec       0xd4 ../nios2leds_bsp/\libhal_bsp.a(alt_irq_handler.o)
                0x00000000000100ec                alt_irq_handler
                0x00000000000101c0                PROVIDE (__ram_exceptions_end, ABSOLUTE (.))
                0x0000000000010020                PROVIDE (__flash_exceptions_start, LOADADDR (.exceptions))

.text           0x00000000000101c0     0x1a20
                [!provide]                        PROVIDE (stext, ABSOLUTE (.))
 *(.interp)
 *(.hash)
 *(.dynsym)
 *(.dynstr)
 *(.gnu.version)
 *(.gnu.version_d)
 *(.gnu.version_r)
 *(.rel.init)
 *(.rela.init)
 *(.rel.text .rel.text.* .rel.gnu.linkonce.t.*)
 *(.rela.text .rela.text.* .rela.gnu.linkonce.t.*)
 *(.rel.fini)
 *(.rela.fini)
 *(.rel.rodata .rel.rodata.* .rel.gnu.linkonce.r.*)
 *(.rela.rodata .rela.rodata.* .rela.gnu.linkonce.r.*)
 *(.rel.data .rel.data.* .rel.gnu.linkonce.d.*)
 *(.rela.data .rela.data.* .rela.gnu.linkonce.d.*)
 *(.rel.tdata .rel.tdata.* .rel.gnu.linkonce.td.*)
 *(.rela.tdata .rela.tdata.* .rela.gnu.linkonce.td.*)
 *(.rel.tbss .rel.tbss.* .rel.gnu.linkonce.tb.*)
 *(.rela.tbss .rela.tbss.* .rela.gnu.linkonce.tb.*)
 *(.rel.ctors)
 *(.rela.ctors)
 *(.rel.dtors)
 *(.rela.dtors)
 *(.rel.got)
 *(.rela.got)
 *(.rel.sdata .rel.sdata.* .rel.gnu.linkonce.s.*)
 *(.rela.sdata .rela.sdata.* .rela.gnu.linkonce.s.*)
 *(.rel.sbss .rel.sbss.* .rel.gnu.linkonce.sb.*)
 *(.rela.sbss .rela.sbss.* .rela.gnu.linkonce.sb.*)
 *(.rel.sdata2 .rel.sdata2.* .rel.gnu.linkonce.s2.*)
 *(.rela.sdata2 .rela.sdata2.* .rela.gnu.linkonce.s2.*)
 *(.rel.sbss2 .rel.sbss2.* .rel.gnu.linkonce.sb2.*)
 *(.rela.sbss2 .rela.sbss2.* .rela.gnu.linkonce.sb2.*)
 *(.rel.bss .rel.bss.* .rel.gnu.linkonce.b.*)
 *(.rela.bss .rela.bss.* .rela.gnu.linkonce.b.*)
 *(.rel.plt)
 *(.rela.plt)
 *(.rel.dyn)
 *(.init)
 *(.plt)
 *(.text .stub .text.* .gnu.linkonce.t.*)
 .text          0x00000000000101c0       0x3c ../nios2leds_bsp//obj/HAL/src/crt0.o
                0x00000000000101c0                _start
 .text          0x00000000000101fc      0x4f4 obj/default/main.o
                0x00000000000101fc                main
                0x00000000000102d8                decToBinary
                0x0000000000010374                binToDecimal
                0x000000000001041c                TwoBitFullAdder
                0x0000000000010574                FullAdder
                0x0000000000010654                And
                0x0000000000010690                Or
                0x00000000000106c0                Xor
 .text          0x00000000000106f0      0x1b4 e:/quartus/nios2eds/bin/gnu/h-x86_64-mingw32/bin/../lib/gcc/nios2-elf/5.3.0/mno-hw-mul\libgcc.a(lib2-divmod.o)
                0x00000000000106f0                __divsi3
                0x0000000000010774                __modsi3
                0x00000000000107e8                __udivsi3
                0x000000000001084c                __umodsi3
 .text          0x00000000000108a4       0x28 e:/quartus/nios2eds/bin/gnu/h-x86_64-mingw32/bin/../lib/gcc/nios2-elf/5.3.0/mno-hw-mul\libgcc.a(lib2-mul.o)
                0x00000000000108a4                __mulsi3
 .text          0x00000000000108cc        0x0 e:/quartus/nios2eds/bin/gnu/h-x86_64-mingw32/bin/../lib/gcc/nios2-elf/5.3.0/../../../../../H-x86_64-mingw32/nios2-elf/lib/mno-hw-mul\libsmallc.a(lib_a-printf.o)
 .text._printf_r
                0x00000000000108cc       0x3c e:/quartus/nios2eds/bin/gnu/h-x86_64-mingw32/bin/../lib/gcc/nios2-elf/5.3.0/../../../../../H-x86_64-mingw32/nios2-elf/lib/mno-hw-mul\libsmallc.a(lib_a-printf.o)
                0x00000000000108cc                _printf_r
 .text.printf   0x0000000000010908       0x4c e:/quartus/nios2eds/bin/gnu/h-x86_64-mingw32/bin/../lib/gcc/nios2-elf/5.3.0/../../../../../H-x86_64-mingw32/nios2-elf/lib/mno-hw-mul\libsmallc.a(lib_a-printf.o)
                0x0000000000010908                printf
 .text          0x0000000000010954        0x0 e:/quartus/nios2eds/bin/gnu/h-x86_64-mingw32/bin/../lib/gcc/nios2-elf/5.3.0/../../../../../H-x86_64-mingw32/nios2-elf/lib/mno-hw-mul\libsmallc.a(lib_a-putchar.o)
 .text._putchar_r
                0x0000000000010954        0x8 e:/quartus/nios2eds/bin/gnu/h-x86_64-mingw32/bin/../lib/gcc/nios2-elf/5.3.0/../../../../../H-x86_64-mingw32/nios2-elf/lib/mno-hw-mul\libsmallc.a(lib_a-putchar.o)
                0x0000000000010954                _putchar_r
 .text.putchar  0x000000000001095c       0x1c e:/quartus/nios2eds/bin/gnu/h-x86_64-mingw32/bin/../lib/gcc/nios2-elf/5.3.0/../../../../../H-x86_64-mingw32/nios2-elf/lib/mno-hw-mul\libsmallc.a(lib_a-putchar.o)
                0x000000000001095c                putchar
 .text          0x0000000000010978        0x0 e:/quartus/nios2eds/bin/gnu/h-x86_64-mingw32/bin/../lib/gcc/nios2-elf/5.3.0/../../../../../H-x86_64-mingw32/nios2-elf/lib/mno-hw-mul\libsmallc.a(lib_a-puts.o)
 .text._puts_r  0x0000000000010978       0x80 e:/quartus/nios2eds/bin/gnu/h-x86_64-mingw32/bin/../lib/gcc/nios2-elf/5.3.0/../../../../../H-x86_64-mingw32/nios2-elf/lib/mno-hw-mul\libsmallc.a(lib_a-puts.o)
                0x0000000000010978                _puts_r
 .text.puts     0x00000000000109f8       0x14 e:/quartus/nios2eds/bin/gnu/h-x86_64-mingw32/bin/../lib/gcc/nios2-elf/5.3.0/../../../../../H-x86_64-mingw32/nios2-elf/lib/mno-hw-mul\libsmallc.a(lib_a-puts.o)
                0x00000000000109f8                puts
 .text          0x0000000000010a0c        0x0 e:/quartus/nios2eds/bin/gnu/h-x86_64-mingw32/bin/../lib/gcc/nios2-elf/5.3.0/../../../../../H-x86_64-mingw32/nios2-elf/lib/mno-hw-mul\libsmallc.a(lib_a-strlen.o)
 .text.strlen   0x0000000000010a0c       0x1c e:/quartus/nios2eds/bin/gnu/h-x86_64-mingw32/bin/../lib/gcc/nios2-elf/5.3.0/../../../../../H-x86_64-mingw32/nios2-elf/lib/mno-hw-mul\libsmallc.a(lib_a-strlen.o)
                0x0000000000010a0c                strlen
 .text          0x0000000000010a28        0x0 e:/quartus/nios2eds/bin/gnu/h-x86_64-mingw32/bin/../lib/gcc/nios2-elf/5.3.0/../../../../../H-x86_64-mingw32/nios2-elf/lib/mno-hw-mul\libsmallc.a(lib_a-vfprintf.o)
 .text.print_repeat
                0x0000000000010a28       0x6c e:/quartus/nios2eds/bin/gnu/h-x86_64-mingw32/bin/../lib/gcc/nios2-elf/5.3.0/../../../../../H-x86_64-mingw32/nios2-elf/lib/mno-hw-mul\libsmallc.a(lib_a-vfprintf.o)
 .text.___vfprintf_internal_r
                0x0000000000010a94      0x52c e:/quartus/nios2eds/bin/gnu/h-x86_64-mingw32/bin/../lib/gcc/nios2-elf/5.3.0/../../../../../H-x86_64-mingw32/nios2-elf/lib/mno-hw-mul\libsmallc.a(lib_a-vfprintf.o)
                0x0000000000010a94                ___vfprintf_internal_r
 .text.__vfprintf_internal
                0x0000000000010fc0       0x1c e:/quartus/nios2eds/bin/gnu/h-x86_64-mingw32/bin/../lib/gcc/nios2-elf/5.3.0/../../../../../H-x86_64-mingw32/nios2-elf/lib/mno-hw-mul\libsmallc.a(lib_a-vfprintf.o)
                0x0000000000010fc0                __vfprintf_internal
 .text          0x0000000000010fdc        0x0 e:/quartus/nios2eds/bin/gnu/h-x86_64-mingw32/bin/../lib/gcc/nios2-elf/5.3.0/../../../../../H-x86_64-mingw32/nios2-elf/lib/mno-hw-mul\libsmallc.a(lib_a-fvwrite_small_dev.o)
 .text.__sfvwrite_small_dev
                0x0000000000010fdc       0xb8 e:/quartus/nios2eds/bin/gnu/h-x86_64-mingw32/bin/../lib/gcc/nios2-elf/5.3.0/../../../../../H-x86_64-mingw32/nios2-elf/lib/mno-hw-mul\libsmallc.a(lib_a-fvwrite_small_dev.o)
                0x0000000000010fdc                __sfvwrite_small_dev
 .text          0x0000000000011094        0x0 e:/quartus/nios2eds/bin/gnu/h-x86_64-mingw32/bin/../lib/gcc/nios2-elf/5.3.0/../../../../../H-x86_64-mingw32/nios2-elf/lib/mno-hw-mul\libsmallc.a(lib_a-impure.o)
 .text          0x0000000000011094        0x0 e:/quartus/nios2eds/bin/gnu/h-x86_64-mingw32/bin/../lib/gcc/nios2-elf/5.3.0/../../../../../H-x86_64-mingw32/nios2-elf/lib/mno-hw-mul\libsmallc.a(lib_a-putc.o)
 .text.putc     0x0000000000011094       0x54 e:/quartus/nios2eds/bin/gnu/h-x86_64-mingw32/bin/../lib/gcc/nios2-elf/5.3.0/../../../../../H-x86_64-mingw32/nios2-elf/lib/mno-hw-mul\libsmallc.a(lib_a-putc.o)
                0x0000000000011094                putc
 .text._putc_r  0x00000000000110e8       0x58 e:/quartus/nios2eds/bin/gnu/h-x86_64-mingw32/bin/../lib/gcc/nios2-elf/5.3.0/../../../../../H-x86_64-mingw32/nios2-elf/lib/mno-hw-mul\libsmallc.a(lib_a-putc.o)
                0x00000000000110e8                _putc_r
 .text          0x0000000000011140        0x0 e:/quartus/nios2eds/bin/gnu/h-x86_64-mingw32/bin/../lib/gcc/nios2-elf/5.3.0/../../../../../H-x86_64-mingw32/nios2-elf/lib/mno-hw-mul\libsmallc.a(lib_a-writer.o)
 .text._write_r
                0x0000000000011140       0x58 e:/quartus/nios2eds/bin/gnu/h-x86_64-mingw32/bin/../lib/gcc/nios2-elf/5.3.0/../../../../../H-x86_64-mingw32/nios2-elf/lib/mno-hw-mul\libsmallc.a(lib_a-writer.o)
                0x0000000000011140                _write_r
 .text          0x0000000000011198        0x0 e:/quartus/nios2eds/bin/gnu/h-x86_64-mingw32/bin/../lib/gcc/nios2-elf/5.3.0/../../../../../H-x86_64-mingw32/nios2-elf/lib/mno-hw-mul\libsmallc.a(lib_a-int_errno.o)
 .text          0x0000000000011198       0xec ../nios2leds_bsp/\libhal_bsp.a(alt_load.o)
                0x0000000000011200                alt_load
 .text          0x0000000000011284       0x54 ../nios2leds_bsp/\libhal_bsp.a(alt_main.o)
                0x0000000000011284                alt_main
 .text          0x00000000000112d8       0x30 ../nios2leds_bsp/\libhal_bsp.a(alt_usleep.o)
                0x00000000000112d8                usleep
 .text          0x0000000000011308       0xd8 ../nios2leds_bsp/\libhal_bsp.a(alt_write.o)
                0x0000000000011344                write
 .text          0x00000000000113e0       0x78 ../nios2leds_bsp/\libhal_bsp.a(alt_sys_init.o)
                0x00000000000113e0                alt_irq_init
                0x0000000000011418                alt_sys_init
 .text          0x0000000000011458       0x94 ../nios2leds_bsp/\libhal_bsp.a(altera_avalon_jtag_uart_write.o)
                0x0000000000011458                altera_avalon_jtag_uart_write
 .text          0x00000000000114ec       0xf4 ../nios2leds_bsp/\libhal_bsp.a(altera_avalon_timer_sc.o)
                0x0000000000011564                alt_avalon_timer_sc_init
 .text          0x00000000000115e0      0x158 ../nios2leds_bsp/\libhal_bsp.a(alt_busy_sleep.o)
                0x00000000000115e0                alt_busy_sleep
 .text          0x0000000000011738       0x20 ../nios2leds_bsp/\libhal_bsp.a(alt_dcache_flush_all.o)
                0x0000000000011738                alt_dcache_flush_all
 .text          0x0000000000011758        0x0 ../nios2leds_bsp/\libhal_bsp.a(alt_errno.o)
 .text          0x0000000000011758       0x20 ../nios2leds_bsp/\libhal_bsp.a(alt_icache_flush_all.o)
                0x0000000000011758                alt_icache_flush_all
 .text          0x0000000000011778      0x1b0 ../nios2leds_bsp/\libhal_bsp.a(alt_iic.o)
                0x0000000000011778                alt_ic_isr_register
                0x00000000000117c8                alt_ic_irq_enable
                0x0000000000011850                alt_ic_irq_disable
                0x00000000000118dc                alt_ic_irq_enabled
 .text          0x0000000000011928       0xf0 ../nios2leds_bsp/\libhal_bsp.a(alt_iic_isr_register.o)
                0x0000000000011928                alt_iic_isr_register
 .text          0x0000000000011a18        0x0 ../nios2leds_bsp/\libhal_bsp.a(alt_irq_entry.o)
 .text          0x0000000000011a18        0x0 ../nios2leds_bsp/\libhal_bsp.a(alt_irq_handler.o)
 .text          0x0000000000011a18        0x0 ../nios2leds_bsp/\libhal_bsp.a(alt_irq_vars.o)
 .text          0x0000000000011a18      0x1a4 ../nios2leds_bsp/\libhal_bsp.a(alt_tick.o)
                0x0000000000011a18                alt_alarm_stop
                0x0000000000011ab4                alt_tick
 .text          0x0000000000011bbc       0x24 ../nios2leds_bsp/\libhal_bsp.a(altera_nios2_gen2_irq.o)
                0x0000000000011bbc                altera_nios2_gen2_irq_init
 .text          0x0000000000011be0        0x0 ../nios2leds_bsp/\libhal_bsp.a(alt_exception_entry.o)
 *(.gnu.warning.*)
 *(.fini)
                [!provide]                        PROVIDE (__etext, ABSOLUTE (.))
                [!provide]                        PROVIDE (_etext, ABSOLUTE (.))
                [!provide]                        PROVIDE (etext, ABSOLUTE (.))
 *(.eh_frame_hdr)
                0x0000000000011be0                . = ALIGN (0x4)
                [!provide]                        PROVIDE (__preinit_array_start, ABSOLUTE (.))
 *(.preinit_array)
                [!provide]                        PROVIDE (__preinit_array_end, ABSOLUTE (.))
                [!provide]                        PROVIDE (__init_array_start, ABSOLUTE (.))
 *(.init_array)
                [!provide]                        PROVIDE (__init_array_end, ABSOLUTE (.))
                [!provide]                        PROVIDE (__fini_array_start, ABSOLUTE (.))
 *(.fini_array)
                [!provide]                        PROVIDE (__fini_array_end, ABSOLUTE (.))
 *(.eh_frame)
 *(.gcc_except_table .gcc_except_table.*)
 *(.dynamic)
                [!provide]                        PROVIDE (__CTOR_LIST__, ABSOLUTE (.))
 *(.ctors)
 *(SORT(.ctors.*))
                [!provide]                        PROVIDE (__CTOR_END__, ABSOLUTE (.))
                [!provide]                        PROVIDE (__DTOR_LIST__, ABSOLUTE (.))
 *(.dtors)
 *(SORT(.dtors.*))
                [!provide]                        PROVIDE (__DTOR_END__, ABSOLUTE (.))
 *(.jcr)
                0x0000000000011be0                . = ALIGN (0x4)

.rodata         0x0000000000011be0       0x78
                0x0000000000011be0                PROVIDE (__ram_rodata_start, ABSOLUTE (.))
                0x0000000000011be0                . = ALIGN (0x4)
 *(.rodata .rodata.* .gnu.linkonce.r.*)
 .rodata        0x0000000000011be0       0x73 obj/default/main.o
 *fill*         0x0000000000011c53        0x1 
 .rodata.str1.4
                0x0000000000011c54        0x4 e:/quartus/nios2eds/bin/gnu/h-x86_64-mingw32/bin/../lib/gcc/nios2-elf/5.3.0/../../../../../H-x86_64-mingw32/nios2-elf/lib/mno-hw-mul\libsmallc.a(lib_a-puts.o)
                                          0x2 (size before relaxing)
 *(.rodata1)
                0x0000000000011c58                . = ALIGN (0x4)
                0x0000000000011c58                PROVIDE (__ram_rodata_end, ABSOLUTE (.))
                0x0000000000011be0                PROVIDE (__flash_rodata_start, LOADADDR (.rodata))

.rwdata         0x0000000000011c58       0xfc
                0x0000000000011c58                PROVIDE (__ram_rwdata_start, ABSOLUTE (.))
                0x0000000000011c58                . = ALIGN (0x4)
 *(.got.plt)
 *(.got)
 *(.data1)
 *(.data .data.* .gnu.linkonce.d.*)
 .data          0x0000000000011c58        0x0 ../nios2leds_bsp//obj/HAL/src/crt0.o
 .data          0x0000000000011c58        0x0 obj/default/main.o
 .data          0x0000000000011c58        0x0 e:/quartus/nios2eds/bin/gnu/h-x86_64-mingw32/bin/../lib/gcc/nios2-elf/5.3.0/mno-hw-mul\libgcc.a(lib2-divmod.o)
 .data          0x0000000000011c58        0x0 e:/quartus/nios2eds/bin/gnu/h-x86_64-mingw32/bin/../lib/gcc/nios2-elf/5.3.0/mno-hw-mul\libgcc.a(lib2-mul.o)
 .data          0x0000000000011c58        0x0 e:/quartus/nios2eds/bin/gnu/h-x86_64-mingw32/bin/../lib/gcc/nios2-elf/5.3.0/../../../../../H-x86_64-mingw32/nios2-elf/lib/mno-hw-mul\libsmallc.a(lib_a-printf.o)
 .data          0x0000000000011c58        0x0 e:/quartus/nios2eds/bin/gnu/h-x86_64-mingw32/bin/../lib/gcc/nios2-elf/5.3.0/../../../../../H-x86_64-mingw32/nios2-elf/lib/mno-hw-mul\libsmallc.a(lib_a-putchar.o)
 .data          0x0000000000011c58        0x0 e:/quartus/nios2eds/bin/gnu/h-x86_64-mingw32/bin/../lib/gcc/nios2-elf/5.3.0/../../../../../H-x86_64-mingw32/nios2-elf/lib/mno-hw-mul\libsmallc.a(lib_a-puts.o)
 .data          0x0000000000011c58        0x0 e:/quartus/nios2eds/bin/gnu/h-x86_64-mingw32/bin/../lib/gcc/nios2-elf/5.3.0/../../../../../H-x86_64-mingw32/nios2-elf/lib/mno-hw-mul\libsmallc.a(lib_a-strlen.o)
 .data          0x0000000000011c58        0x0 e:/quartus/nios2eds/bin/gnu/h-x86_64-mingw32/bin/../lib/gcc/nios2-elf/5.3.0/../../../../../H-x86_64-mingw32/nios2-elf/lib/mno-hw-mul\libsmallc.a(lib_a-vfprintf.o)
 .data          0x0000000000011c58        0x0 e:/quartus/nios2eds/bin/gnu/h-x86_64-mingw32/bin/../lib/gcc/nios2-elf/5.3.0/../../../../../H-x86_64-mingw32/nios2-elf/lib/mno-hw-mul\libsmallc.a(lib_a-fvwrite_small_dev.o)
 .data          0x0000000000011c58        0x0 e:/quartus/nios2eds/bin/gnu/h-x86_64-mingw32/bin/../lib/gcc/nios2-elf/5.3.0/../../../../../H-x86_64-mingw32/nios2-elf/lib/mno-hw-mul\libsmallc.a(lib_a-impure.o)
 .data.impure_data
                0x0000000000011c58       0xe0 e:/quartus/nios2eds/bin/gnu/h-x86_64-mingw32/bin/../lib/gcc/nios2-elf/5.3.0/../../../../../H-x86_64-mingw32/nios2-elf/lib/mno-hw-mul\libsmallc.a(lib_a-impure.o)
 .data          0x0000000000011d38        0x0 e:/quartus/nios2eds/bin/gnu/h-x86_64-mingw32/bin/../lib/gcc/nios2-elf/5.3.0/../../../../../H-x86_64-mingw32/nios2-elf/lib/mno-hw-mul\libsmallc.a(lib_a-putc.o)
 .data          0x0000000000011d38        0x0 e:/quartus/nios2eds/bin/gnu/h-x86_64-mingw32/bin/../lib/gcc/nios2-elf/5.3.0/../../../../../H-x86_64-mingw32/nios2-elf/lib/mno-hw-mul\libsmallc.a(lib_a-writer.o)
 .data          0x0000000000011d38        0x0 e:/quartus/nios2eds/bin/gnu/h-x86_64-mingw32/bin/../lib/gcc/nios2-elf/5.3.0/../../../../../H-x86_64-mingw32/nios2-elf/lib/mno-hw-mul\libsmallc.a(lib_a-int_errno.o)
 .data          0x0000000000011d38        0x0 ../nios2leds_bsp/\libhal_bsp.a(alt_load.o)
 .data          0x0000000000011d38        0x0 ../nios2leds_bsp/\libhal_bsp.a(alt_main.o)
 .data          0x0000000000011d38        0x0 ../nios2leds_bsp/\libhal_bsp.a(alt_usleep.o)
 .data          0x0000000000011d38        0x0 ../nios2leds_bsp/\libhal_bsp.a(alt_write.o)
 .data          0x0000000000011d38        0x0 ../nios2leds_bsp/\libhal_bsp.a(alt_sys_init.o)
 .data          0x0000000000011d38        0x0 ../nios2leds_bsp/\libhal_bsp.a(altera_avalon_jtag_uart_write.o)
 .data          0x0000000000011d38        0x0 ../nios2leds_bsp/\libhal_bsp.a(altera_avalon_timer_sc.o)
 .data          0x0000000000011d38        0x0 ../nios2leds_bsp/\libhal_bsp.a(alt_busy_sleep.o)
 .data          0x0000000000011d38        0x0 ../nios2leds_bsp/\libhal_bsp.a(alt_dcache_flush_all.o)
 .data          0x0000000000011d38        0x0 ../nios2leds_bsp/\libhal_bsp.a(alt_errno.o)
 .data          0x0000000000011d38        0x0 ../nios2leds_bsp/\libhal_bsp.a(alt_icache_flush_all.o)
 .data          0x0000000000011d38        0x0 ../nios2leds_bsp/\libhal_bsp.a(alt_iic.o)
 .data          0x0000000000011d38        0x0 ../nios2leds_bsp/\libhal_bsp.a(alt_iic_isr_register.o)
 .data          0x0000000000011d38        0x0 ../nios2leds_bsp/\libhal_bsp.a(alt_irq_entry.o)
 .data          0x0000000000011d38        0x0 ../nios2leds_bsp/\libhal_bsp.a(alt_irq_handler.o)
 .data          0x0000000000011d38        0x0 ../nios2leds_bsp/\libhal_bsp.a(alt_irq_vars.o)
 .data          0x0000000000011d38        0x0 ../nios2leds_bsp/\libhal_bsp.a(alt_tick.o)
 .data          0x0000000000011d38        0x0 ../nios2leds_bsp/\libhal_bsp.a(altera_nios2_gen2_irq.o)
 .data          0x0000000000011d38        0x0 ../nios2leds_bsp/\libhal_bsp.a(alt_exception_entry.o)
                0x0000000000019d38                _gp = ABSOLUTE ((. + 0x8000))
                [!provide]                        PROVIDE (gp, _gp)
 *(.rwdata .rwdata.*)
 *(.sdata .sdata.* .gnu.linkonce.s.*)
 .sdata._global_impure_ptr
                0x0000000000011d38        0x4 e:/quartus/nios2eds/bin/gnu/h-x86_64-mingw32/bin/../lib/gcc/nios2-elf/5.3.0/../../../../../H-x86_64-mingw32/nios2-elf/lib/mno-hw-mul\libsmallc.a(lib_a-impure.o)
                0x0000000000011d38                _global_impure_ptr
 .sdata._impure_ptr
                0x0000000000011d3c        0x4 e:/quartus/nios2eds/bin/gnu/h-x86_64-mingw32/bin/../lib/gcc/nios2-elf/5.3.0/../../../../../H-x86_64-mingw32/nios2-elf/lib/mno-hw-mul\libsmallc.a(lib_a-impure.o)
                0x0000000000011d3c                _impure_ptr
 .sdata         0x0000000000011d40        0x4 ../nios2leds_bsp/\libhal_bsp.a(alt_sys_init.o)
                0x0000000000011d40                jtag_uart
 .sdata         0x0000000000011d44        0x4 ../nios2leds_bsp/\libhal_bsp.a(alt_errno.o)
                0x0000000000011d44                alt_errno
 .sdata         0x0000000000011d48        0x4 ../nios2leds_bsp/\libhal_bsp.a(alt_irq_vars.o)
                0x0000000000011d48                alt_priority_mask
 .sdata         0x0000000000011d4c        0x8 ../nios2leds_bsp/\libhal_bsp.a(alt_tick.o)
                0x0000000000011d4c                alt_alarm_list
 *(.sdata2 .sdata2.* .gnu.linkonce.s2.*)
                0x0000000000011d54                . = ALIGN (0x4)
                0x0000000000011d54                _edata = ABSOLUTE (.)
                [!provide]                        PROVIDE (edata, ABSOLUTE (.))
                0x0000000000011d54                PROVIDE (__ram_rwdata_end, ABSOLUTE (.))
                0x0000000000011c58                PROVIDE (__flash_rwdata_start, LOADADDR (.rwdata))

.bss            0x0000000000011d54      0x13c
                0x0000000000011d54                __bss_start = ABSOLUTE (.)
                [!provide]                        PROVIDE (__sbss_start, ABSOLUTE (.))
                [!provide]                        PROVIDE (___sbss_start, ABSOLUTE (.))
 *(.dynsbss)
 *(.sbss .sbss.* .gnu.linkonce.sb.*)
 .sbss          0x0000000000011d54        0x1 obj/default/main.o
 *fill*         0x0000000000011d55        0x3 
 .sbss          0x0000000000011d58        0x4 e:/quartus/nios2eds/bin/gnu/h-x86_64-mingw32/bin/../lib/gcc/nios2-elf/5.3.0/../../../../../H-x86_64-mingw32/nios2-elf/lib/mno-hw-mul\libsmallc.a(lib_a-int_errno.o)
                0x0000000000011d58                errno
 .sbss          0x0000000000011d5c        0xc ../nios2leds_bsp/\libhal_bsp.a(alt_main.o)
                0x0000000000011d5c                alt_argc
                0x0000000000011d60                alt_argv
                0x0000000000011d64                alt_envp
 .sbss          0x0000000000011d68        0x4 ../nios2leds_bsp/\libhal_bsp.a(alt_irq_vars.o)
                0x0000000000011d68                alt_irq_active
 .sbss          0x0000000000011d6c        0x8 ../nios2leds_bsp/\libhal_bsp.a(alt_tick.o)
                0x0000000000011d6c                _alt_tick_rate
                0x0000000000011d70                _alt_nticks
 *(.sbss2 .sbss2.* .gnu.linkonce.sb2.*)
 *(.scommon)
                [!provide]                        PROVIDE (__sbss_end, ABSOLUTE (.))
                [!provide]                        PROVIDE (___sbss_end, ABSOLUTE (.))
 *(.dynbss)
 *(.bss .bss.* .gnu.linkonce.b.*)
 .bss           0x0000000000011d74        0x0 ../nios2leds_bsp//obj/HAL/src/crt0.o
 .bss           0x0000000000011d74       0x1c obj/default/main.o
                0x0000000000011d74                binaryNum
                0x0000000000011d84                output
 .bss           0x0000000000011d90        0x0 e:/quartus/nios2eds/bin/gnu/h-x86_64-mingw32/bin/../lib/gcc/nios2-elf/5.3.0/mno-hw-mul\libgcc.a(lib2-divmod.o)
 .bss           0x0000000000011d90        0x0 e:/quartus/nios2eds/bin/gnu/h-x86_64-mingw32/bin/../lib/gcc/nios2-elf/5.3.0/mno-hw-mul\libgcc.a(lib2-mul.o)
 .bss           0x0000000000011d90        0x0 e:/quartus/nios2eds/bin/gnu/h-x86_64-mingw32/bin/../lib/gcc/nios2-elf/5.3.0/../../../../../H-x86_64-mingw32/nios2-elf/lib/mno-hw-mul\libsmallc.a(lib_a-printf.o)
 .bss           0x0000000000011d90        0x0 e:/quartus/nios2eds/bin/gnu/h-x86_64-mingw32/bin/../lib/gcc/nios2-elf/5.3.0/../../../../../H-x86_64-mingw32/nios2-elf/lib/mno-hw-mul\libsmallc.a(lib_a-putchar.o)
 .bss           0x0000000000011d90        0x0 e:/quartus/nios2eds/bin/gnu/h-x86_64-mingw32/bin/../lib/gcc/nios2-elf/5.3.0/../../../../../H-x86_64-mingw32/nios2-elf/lib/mno-hw-mul\libsmallc.a(lib_a-puts.o)
 .bss           0x0000000000011d90        0x0 e:/quartus/nios2eds/bin/gnu/h-x86_64-mingw32/bin/../lib/gcc/nios2-elf/5.3.0/../../../../../H-x86_64-mingw32/nios2-elf/lib/mno-hw-mul\libsmallc.a(lib_a-strlen.o)
 .bss           0x0000000000011d90        0x0 e:/quartus/nios2eds/bin/gnu/h-x86_64-mingw32/bin/../lib/gcc/nios2-elf/5.3.0/../../../../../H-x86_64-mingw32/nios2-elf/lib/mno-hw-mul\libsmallc.a(lib_a-vfprintf.o)
 .bss           0x0000000000011d90        0x0 e:/quartus/nios2eds/bin/gnu/h-x86_64-mingw32/bin/../lib/gcc/nios2-elf/5.3.0/../../../../../H-x86_64-mingw32/nios2-elf/lib/mno-hw-mul\libsmallc.a(lib_a-fvwrite_small_dev.o)
 .bss           0x0000000000011d90        0x0 e:/quartus/nios2eds/bin/gnu/h-x86_64-mingw32/bin/../lib/gcc/nios2-elf/5.3.0/../../../../../H-x86_64-mingw32/nios2-elf/lib/mno-hw-mul\libsmallc.a(lib_a-impure.o)
 .bss           0x0000000000011d90        0x0 e:/quartus/nios2eds/bin/gnu/h-x86_64-mingw32/bin/../lib/gcc/nios2-elf/5.3.0/../../../../../H-x86_64-mingw32/nios2-elf/lib/mno-hw-mul\libsmallc.a(lib_a-putc.o)
 .bss           0x0000000000011d90        0x0 e:/quartus/nios2eds/bin/gnu/h-x86_64-mingw32/bin/../lib/gcc/nios2-elf/5.3.0/../../../../../H-x86_64-mingw32/nios2-elf/lib/mno-hw-mul\libsmallc.a(lib_a-writer.o)
 .bss           0x0000000000011d90        0x0 e:/quartus/nios2eds/bin/gnu/h-x86_64-mingw32/bin/../lib/gcc/nios2-elf/5.3.0/../../../../../H-x86_64-mingw32/nios2-elf/lib/mno-hw-mul\libsmallc.a(lib_a-int_errno.o)
 .bss           0x0000000000011d90        0x0 ../nios2leds_bsp/\libhal_bsp.a(alt_load.o)
 .bss           0x0000000000011d90        0x0 ../nios2leds_bsp/\libhal_bsp.a(alt_main.o)
 .bss           0x0000000000011d90        0x0 ../nios2leds_bsp/\libhal_bsp.a(alt_usleep.o)
 .bss           0x0000000000011d90        0x0 ../nios2leds_bsp/\libhal_bsp.a(alt_write.o)
 .bss           0x0000000000011d90        0x0 ../nios2leds_bsp/\libhal_bsp.a(alt_sys_init.o)
 .bss           0x0000000000011d90        0x0 ../nios2leds_bsp/\libhal_bsp.a(altera_avalon_jtag_uart_write.o)
 .bss           0x0000000000011d90        0x0 ../nios2leds_bsp/\libhal_bsp.a(altera_avalon_timer_sc.o)
 .bss           0x0000000000011d90        0x0 ../nios2leds_bsp/\libhal_bsp.a(alt_busy_sleep.o)
 .bss           0x0000000000011d90        0x0 ../nios2leds_bsp/\libhal_bsp.a(alt_dcache_flush_all.o)
 .bss           0x0000000000011d90        0x0 ../nios2leds_bsp/\libhal_bsp.a(alt_errno.o)
 .bss           0x0000000000011d90        0x0 ../nios2leds_bsp/\libhal_bsp.a(alt_icache_flush_all.o)
 .bss           0x0000000000011d90        0x0 ../nios2leds_bsp/\libhal_bsp.a(alt_iic.o)
 .bss           0x0000000000011d90        0x0 ../nios2leds_bsp/\libhal_bsp.a(alt_iic_isr_register.o)
 .bss           0x0000000000011d90        0x0 ../nios2leds_bsp/\libhal_bsp.a(alt_irq_entry.o)
 .bss           0x0000000000011d90        0x0 ../nios2leds_bsp/\libhal_bsp.a(alt_irq_handler.o)
 .bss           0x0000000000011d90        0x0 ../nios2leds_bsp/\libhal_bsp.a(alt_irq_vars.o)
 .bss           0x0000000000011d90        0x0 ../nios2leds_bsp/\libhal_bsp.a(alt_tick.o)
 .bss           0x0000000000011d90        0x0 ../nios2leds_bsp/\libhal_bsp.a(altera_nios2_gen2_irq.o)
 .bss           0x0000000000011d90        0x0 ../nios2leds_bsp/\libhal_bsp.a(alt_exception_entry.o)
 *(COMMON)
 COMMON         0x0000000000011d90      0x100 ../nios2leds_bsp/\libhal_bsp.a(alt_irq_handler.o)
                0x0000000000011d90                alt_irq
                0x0000000000011e90                . = ALIGN (0x4)
                0x0000000000011e90                __bss_end = ABSOLUTE (.)

.memory         0x0000000000011e90        0x0
                [!provide]                        PROVIDE (_alt_partition_memory_start, ABSOLUTE (.))
 *(.memory .memory. memory.*)
                0x0000000000011e90                . = ALIGN (0x4)
                [!provide]                        PROVIDE (_alt_partition_memory_end, ABSOLUTE (.))
                0x0000000000011e90                _end = ABSOLUTE (.)
                0x0000000000011e90                end = ABSOLUTE (.)
                0x0000000000011e90                __alt_stack_base = ABSOLUTE (.)
                [!provide]                        PROVIDE (_alt_partition_memory_load_addr, LOADADDR (.memory))

.stab
 *(.stab)

.stabstr
 *(.stabstr)

.stab.excl
 *(.stab.excl)

.stab.exclstr
 *(.stab.exclstr)

.stab.index
 *(.stab.index)

.stab.indexstr
 *(.stab.indexstr)

.comment        0x0000000000000000       0x23
 *(.comment)
 .comment       0x0000000000000000       0x23 obj/default/main.o
                                         0x24 (size before relaxing)
 .comment       0x0000000000000023       0x24 e:/quartus/nios2eds/bin/gnu/h-x86_64-mingw32/bin/../lib/gcc/nios2-elf/5.3.0/mno-hw-mul\libgcc.a(lib2-divmod.o)
 .comment       0x0000000000000023       0x24 e:/quartus/nios2eds/bin/gnu/h-x86_64-mingw32/bin/../lib/gcc/nios2-elf/5.3.0/mno-hw-mul\libgcc.a(lib2-mul.o)
 .comment       0x0000000000000023       0x24 e:/quartus/nios2eds/bin/gnu/h-x86_64-mingw32/bin/../lib/gcc/nios2-elf/5.3.0/../../../../../H-x86_64-mingw32/nios2-elf/lib/mno-hw-mul\libsmallc.a(lib_a-printf.o)
 .comment       0x0000000000000023       0x24 e:/quartus/nios2eds/bin/gnu/h-x86_64-mingw32/bin/../lib/gcc/nios2-elf/5.3.0/../../../../../H-x86_64-mingw32/nios2-elf/lib/mno-hw-mul\libsmallc.a(lib_a-putchar.o)
 .comment       0x0000000000000023       0x24 e:/quartus/nios2eds/bin/gnu/h-x86_64-mingw32/bin/../lib/gcc/nios2-elf/5.3.0/../../../../../H-x86_64-mingw32/nios2-elf/lib/mno-hw-mul\libsmallc.a(lib_a-puts.o)
 .comment       0x0000000000000023       0x24 e:/quartus/nios2eds/bin/gnu/h-x86_64-mingw32/bin/../lib/gcc/nios2-elf/5.3.0/../../../../../H-x86_64-mingw32/nios2-elf/lib/mno-hw-mul\libsmallc.a(lib_a-strlen.o)
 .comment       0x0000000000000023       0x24 e:/quartus/nios2eds/bin/gnu/h-x86_64-mingw32/bin/../lib/gcc/nios2-elf/5.3.0/../../../../../H-x86_64-mingw32/nios2-elf/lib/mno-hw-mul\libsmallc.a(lib_a-vfprintf.o)
 .comment       0x0000000000000023       0x24 e:/quartus/nios2eds/bin/gnu/h-x86_64-mingw32/bin/../lib/gcc/nios2-elf/5.3.0/../../../../../H-x86_64-mingw32/nios2-elf/lib/mno-hw-mul\libsmallc.a(lib_a-fvwrite_small_dev.o)
 .comment       0x0000000000000023       0x24 e:/quartus/nios2eds/bin/gnu/h-x86_64-mingw32/bin/../lib/gcc/nios2-elf/5.3.0/../../../../../H-x86_64-mingw32/nios2-elf/lib/mno-hw-mul\libsmallc.a(lib_a-impure.o)
 .comment       0x0000000000000023       0x24 e:/quartus/nios2eds/bin/gnu/h-x86_64-mingw32/bin/../lib/gcc/nios2-elf/5.3.0/../../../../../H-x86_64-mingw32/nios2-elf/lib/mno-hw-mul\libsmallc.a(lib_a-putc.o)
 .comment       0x0000000000000023       0x24 e:/quartus/nios2eds/bin/gnu/h-x86_64-mingw32/bin/../lib/gcc/nios2-elf/5.3.0/../../../../../H-x86_64-mingw32/nios2-elf/lib/mno-hw-mul\libsmallc.a(lib_a-writer.o)
 .comment       0x0000000000000023       0x24 e:/quartus/nios2eds/bin/gnu/h-x86_64-mingw32/bin/../lib/gcc/nios2-elf/5.3.0/../../../../../H-x86_64-mingw32/nios2-elf/lib/mno-hw-mul\libsmallc.a(lib_a-int_errno.o)
 .comment       0x0000000000000023       0x24 ../nios2leds_bsp/\libhal_bsp.a(alt_load.o)
 .comment       0x0000000000000023       0x24 ../nios2leds_bsp/\libhal_bsp.a(alt_main.o)
 .comment       0x0000000000000023       0x24 ../nios2leds_bsp/\libhal_bsp.a(alt_usleep.o)
 .comment       0x0000000000000023       0x24 ../nios2leds_bsp/\libhal_bsp.a(alt_write.o)
 .comment       0x0000000000000023       0x24 ../nios2leds_bsp/\libhal_bsp.a(alt_sys_init.o)
 .comment       0x0000000000000023       0x24 ../nios2leds_bsp/\libhal_bsp.a(altera_avalon_jtag_uart_write.o)
 .comment       0x0000000000000023       0x24 ../nios2leds_bsp/\libhal_bsp.a(altera_avalon_timer_sc.o)
 .comment       0x0000000000000023       0x24 ../nios2leds_bsp/\libhal_bsp.a(alt_busy_sleep.o)
 .comment       0x0000000000000023       0x24 ../nios2leds_bsp/\libhal_bsp.a(alt_dcache_flush_all.o)
 .comment       0x0000000000000023       0x24 ../nios2leds_bsp/\libhal_bsp.a(alt_errno.o)
 .comment       0x0000000000000023       0x24 ../nios2leds_bsp/\libhal_bsp.a(alt_icache_flush_all.o)
 .comment       0x0000000000000023       0x24 ../nios2leds_bsp/\libhal_bsp.a(alt_iic.o)
 .comment       0x0000000000000023       0x24 ../nios2leds_bsp/\libhal_bsp.a(alt_iic_isr_register.o)
 .comment       0x0000000000000023       0x24 ../nios2leds_bsp/\libhal_bsp.a(alt_irq_handler.o)
 .comment       0x0000000000000023       0x24 ../nios2leds_bsp/\libhal_bsp.a(alt_irq_vars.o)
 .comment       0x0000000000000023       0x24 ../nios2leds_bsp/\libhal_bsp.a(alt_tick.o)
 .comment       0x0000000000000023       0x24 ../nios2leds_bsp/\libhal_bsp.a(altera_nios2_gen2_irq.o)

.debug
 *(.debug)

.line
 *(.line)

.debug_srcinfo
 *(.debug_srcinfo)

.debug_sfnames
 *(.debug_sfnames)

.debug_aranges  0x0000000000000000      0x458
 *(.debug_aranges)
 .debug_aranges
                0x0000000000000000       0x20 ../nios2leds_bsp//obj/HAL/src/crt0.o
 .debug_aranges
                0x0000000000000020       0x20 obj/default/main.o
 .debug_aranges
                0x0000000000000040       0x20 e:/quartus/nios2eds/bin/gnu/h-x86_64-mingw32/bin/../lib/gcc/nios2-elf/5.3.0/mno-hw-mul\libgcc.a(lib2-divmod.o)
 .debug_aranges
                0x0000000000000060       0x20 e:/quartus/nios2eds/bin/gnu/h-x86_64-mingw32/bin/../lib/gcc/nios2-elf/5.3.0/mno-hw-mul\libgcc.a(lib2-mul.o)
 .debug_aranges
                0x0000000000000080       0x28 e:/quartus/nios2eds/bin/gnu/h-x86_64-mingw32/bin/../lib/gcc/nios2-elf/5.3.0/../../../../../H-x86_64-mingw32/nios2-elf/lib/mno-hw-mul\libsmallc.a(lib_a-printf.o)
 .debug_aranges
                0x00000000000000a8       0x28 e:/quartus/nios2eds/bin/gnu/h-x86_64-mingw32/bin/../lib/gcc/nios2-elf/5.3.0/../../../../../H-x86_64-mingw32/nios2-elf/lib/mno-hw-mul\libsmallc.a(lib_a-putchar.o)
 .debug_aranges
                0x00000000000000d0       0x28 e:/quartus/nios2eds/bin/gnu/h-x86_64-mingw32/bin/../lib/gcc/nios2-elf/5.3.0/../../../../../H-x86_64-mingw32/nios2-elf/lib/mno-hw-mul\libsmallc.a(lib_a-puts.o)
 .debug_aranges
                0x00000000000000f8       0x20 e:/quartus/nios2eds/bin/gnu/h-x86_64-mingw32/bin/../lib/gcc/nios2-elf/5.3.0/../../../../../H-x86_64-mingw32/nios2-elf/lib/mno-hw-mul\libsmallc.a(lib_a-strlen.o)
 .debug_aranges
                0x0000000000000118       0x30 e:/quartus/nios2eds/bin/gnu/h-x86_64-mingw32/bin/../lib/gcc/nios2-elf/5.3.0/../../../../../H-x86_64-mingw32/nios2-elf/lib/mno-hw-mul\libsmallc.a(lib_a-vfprintf.o)
 .debug_aranges
                0x0000000000000148       0x20 e:/quartus/nios2eds/bin/gnu/h-x86_64-mingw32/bin/../lib/gcc/nios2-elf/5.3.0/../../../../../H-x86_64-mingw32/nios2-elf/lib/mno-hw-mul\libsmallc.a(lib_a-fvwrite_small_dev.o)
 .debug_aranges
                0x0000000000000168       0x18 e:/quartus/nios2eds/bin/gnu/h-x86_64-mingw32/bin/../lib/gcc/nios2-elf/5.3.0/../../../../../H-x86_64-mingw32/nios2-elf/lib/mno-hw-mul\libsmallc.a(lib_a-impure.o)
 .debug_aranges
                0x0000000000000180       0x28 e:/quartus/nios2eds/bin/gnu/h-x86_64-mingw32/bin/../lib/gcc/nios2-elf/5.3.0/../../../../../H-x86_64-mingw32/nios2-elf/lib/mno-hw-mul\libsmallc.a(lib_a-putc.o)
 .debug_aranges
                0x00000000000001a8       0x20 e:/quartus/nios2eds/bin/gnu/h-x86_64-mingw32/bin/../lib/gcc/nios2-elf/5.3.0/../../../../../H-x86_64-mingw32/nios2-elf/lib/mno-hw-mul\libsmallc.a(lib_a-writer.o)
 .debug_aranges
                0x00000000000001c8       0x18 e:/quartus/nios2eds/bin/gnu/h-x86_64-mingw32/bin/../lib/gcc/nios2-elf/5.3.0/../../../../../H-x86_64-mingw32/nios2-elf/lib/mno-hw-mul\libsmallc.a(lib_a-int_errno.o)
 .debug_aranges
                0x00000000000001e0       0x20 ../nios2leds_bsp/\libhal_bsp.a(alt_load.o)
 .debug_aranges
                0x0000000000000200       0x20 ../nios2leds_bsp/\libhal_bsp.a(alt_main.o)
 .debug_aranges
                0x0000000000000220       0x20 ../nios2leds_bsp/\libhal_bsp.a(alt_usleep.o)
 .debug_aranges
                0x0000000000000240       0x20 ../nios2leds_bsp/\libhal_bsp.a(alt_write.o)
 .debug_aranges
                0x0000000000000260       0x20 ../nios2leds_bsp/\libhal_bsp.a(alt_sys_init.o)
 .debug_aranges
                0x0000000000000280       0x20 ../nios2leds_bsp/\libhal_bsp.a(altera_avalon_jtag_uart_write.o)
 .debug_aranges
                0x00000000000002a0       0x20 ../nios2leds_bsp/\libhal_bsp.a(altera_avalon_timer_sc.o)
 .debug_aranges
                0x00000000000002c0       0x20 ../nios2leds_bsp/\libhal_bsp.a(alt_busy_sleep.o)
 .debug_aranges
                0x00000000000002e0       0x20 ../nios2leds_bsp/\libhal_bsp.a(alt_dcache_flush_all.o)
 .debug_aranges
                0x0000000000000300       0x18 ../nios2leds_bsp/\libhal_bsp.a(alt_errno.o)
 .debug_aranges
                0x0000000000000318       0x20 ../nios2leds_bsp/\libhal_bsp.a(alt_icache_flush_all.o)
 .debug_aranges
                0x0000000000000338       0x20 ../nios2leds_bsp/\libhal_bsp.a(alt_iic.o)
 .debug_aranges
                0x0000000000000358       0x20 ../nios2leds_bsp/\libhal_bsp.a(alt_iic_isr_register.o)
 .debug_aranges
                0x0000000000000378       0x30 ../nios2leds_bsp/\libhal_bsp.a(alt_irq_entry.o)
 .debug_aranges
                0x00000000000003a8       0x20 ../nios2leds_bsp/\libhal_bsp.a(alt_irq_handler.o)
 .debug_aranges
                0x00000000000003c8       0x18 ../nios2leds_bsp/\libhal_bsp.a(alt_irq_vars.o)
 .debug_aranges
                0x00000000000003e0       0x20 ../nios2leds_bsp/\libhal_bsp.a(alt_tick.o)
 .debug_aranges
                0x0000000000000400       0x20 ../nios2leds_bsp/\libhal_bsp.a(altera_nios2_gen2_irq.o)
 .debug_aranges
                0x0000000000000420       0x38 ../nios2leds_bsp/\libhal_bsp.a(alt_exception_entry.o)

.debug_pubnames
 *(.debug_pubnames)

.debug_info     0x0000000000000000     0x57f7
 *(.debug_info .gnu.linkonce.wi.*)
 .debug_info    0x0000000000000000       0x72 ../nios2leds_bsp//obj/HAL/src/crt0.o
 .debug_info    0x0000000000000072      0x3e3 obj/default/main.o
 .debug_info    0x0000000000000455      0x2c6 e:/quartus/nios2eds/bin/gnu/h-x86_64-mingw32/bin/../lib/gcc/nios2-elf/5.3.0/mno-hw-mul\libgcc.a(lib2-divmod.o)
 .debug_info    0x000000000000071b       0xb4 e:/quartus/nios2eds/bin/gnu/h-x86_64-mingw32/bin/../lib/gcc/nios2-elf/5.3.0/mno-hw-mul\libgcc.a(lib2-mul.o)
 .debug_info    0x00000000000007cf      0x699 e:/quartus/nios2eds/bin/gnu/h-x86_64-mingw32/bin/../lib/gcc/nios2-elf/5.3.0/../../../../../H-x86_64-mingw32/nios2-elf/lib/mno-hw-mul\libsmallc.a(lib_a-printf.o)
 .debug_info    0x0000000000000e68      0x62a e:/quartus/nios2eds/bin/gnu/h-x86_64-mingw32/bin/../lib/gcc/nios2-elf/5.3.0/../../../../../H-x86_64-mingw32/nios2-elf/lib/mno-hw-mul\libsmallc.a(lib_a-putchar.o)
 .debug_info    0x0000000000001492      0x66d e:/quartus/nios2eds/bin/gnu/h-x86_64-mingw32/bin/../lib/gcc/nios2-elf/5.3.0/../../../../../H-x86_64-mingw32/nios2-elf/lib/mno-hw-mul\libsmallc.a(lib_a-puts.o)
 .debug_info    0x0000000000001aff       0xc9 e:/quartus/nios2eds/bin/gnu/h-x86_64-mingw32/bin/../lib/gcc/nios2-elf/5.3.0/../../../../../H-x86_64-mingw32/nios2-elf/lib/mno-hw-mul\libsmallc.a(lib_a-strlen.o)
 .debug_info    0x0000000000001bc8      0xb2b e:/quartus/nios2eds/bin/gnu/h-x86_64-mingw32/bin/../lib/gcc/nios2-elf/5.3.0/../../../../../H-x86_64-mingw32/nios2-elf/lib/mno-hw-mul\libsmallc.a(lib_a-vfprintf.o)
 .debug_info    0x00000000000026f3      0x62b e:/quartus/nios2eds/bin/gnu/h-x86_64-mingw32/bin/../lib/gcc/nios2-elf/5.3.0/../../../../../H-x86_64-mingw32/nios2-elf/lib/mno-hw-mul\libsmallc.a(lib_a-fvwrite_small_dev.o)
 .debug_info    0x0000000000002d1e      0x5a9 e:/quartus/nios2eds/bin/gnu/h-x86_64-mingw32/bin/../lib/gcc/nios2-elf/5.3.0/../../../../../H-x86_64-mingw32/nios2-elf/lib/mno-hw-mul\libsmallc.a(lib_a-impure.o)
 .debug_info    0x00000000000032c7      0x672 e:/quartus/nios2eds/bin/gnu/h-x86_64-mingw32/bin/../lib/gcc/nios2-elf/5.3.0/../../../../../H-x86_64-mingw32/nios2-elf/lib/mno-hw-mul\libsmallc.a(lib_a-putc.o)
 .debug_info    0x0000000000003939      0x630 e:/quartus/nios2eds/bin/gnu/h-x86_64-mingw32/bin/../lib/gcc/nios2-elf/5.3.0/../../../../../H-x86_64-mingw32/nios2-elf/lib/mno-hw-mul\libsmallc.a(lib_a-writer.o)
 .debug_info    0x0000000000003f69       0x8a e:/quartus/nios2eds/bin/gnu/h-x86_64-mingw32/bin/../lib/gcc/nios2-elf/5.3.0/../../../../../H-x86_64-mingw32/nios2-elf/lib/mno-hw-mul\libsmallc.a(lib_a-int_errno.o)
 .debug_info    0x0000000000003ff3      0x145 ../nios2leds_bsp/\libhal_bsp.a(alt_load.o)
 .debug_info    0x0000000000004138      0x11e ../nios2leds_bsp/\libhal_bsp.a(alt_main.o)
 .debug_info    0x0000000000004256       0xb0 ../nios2leds_bsp/\libhal_bsp.a(alt_usleep.o)
 .debug_info    0x0000000000004306      0x1a0 ../nios2leds_bsp/\libhal_bsp.a(alt_write.o)
 .debug_info    0x00000000000044a6      0x188 ../nios2leds_bsp/\libhal_bsp.a(alt_sys_init.o)
 .debug_info    0x000000000000462e      0x195 ../nios2leds_bsp/\libhal_bsp.a(altera_avalon_jtag_uart_write.o)
 .debug_info    0x00000000000047c3      0x226 ../nios2leds_bsp/\libhal_bsp.a(altera_avalon_timer_sc.o)
 .debug_info    0x00000000000049e9       0xd7 ../nios2leds_bsp/\libhal_bsp.a(alt_busy_sleep.o)
 .debug_info    0x0000000000004ac0       0x92 ../nios2leds_bsp/\libhal_bsp.a(alt_dcache_flush_all.o)
 .debug_info    0x0000000000004b52       0xa6 ../nios2leds_bsp/\libhal_bsp.a(alt_errno.o)
 .debug_info    0x0000000000004bf8       0x92 ../nios2leds_bsp/\libhal_bsp.a(alt_icache_flush_all.o)
 .debug_info    0x0000000000004c8a      0x350 ../nios2leds_bsp/\libhal_bsp.a(alt_iic.o)
 .debug_info    0x0000000000004fda      0x1ef ../nios2leds_bsp/\libhal_bsp.a(alt_iic_isr_register.o)
 .debug_info    0x00000000000051c9       0x77 ../nios2leds_bsp/\libhal_bsp.a(alt_irq_entry.o)
 .debug_info    0x0000000000005240      0x187 ../nios2leds_bsp/\libhal_bsp.a(alt_irq_handler.o)
 .debug_info    0x00000000000053c7       0x88 ../nios2leds_bsp/\libhal_bsp.a(alt_irq_vars.o)
 .debug_info    0x000000000000544f      0x299 ../nios2leds_bsp/\libhal_bsp.a(alt_tick.o)
 .debug_info    0x00000000000056e8       0x92 ../nios2leds_bsp/\libhal_bsp.a(altera_nios2_gen2_irq.o)
 .debug_info    0x000000000000577a       0x7d ../nios2leds_bsp/\libhal_bsp.a(alt_exception_entry.o)

.debug_abbrev   0x0000000000000000     0x1f4e
 *(.debug_abbrev)
 .debug_abbrev  0x0000000000000000       0x14 ../nios2leds_bsp//obj/HAL/src/crt0.o
 .debug_abbrev  0x0000000000000014      0x172 obj/default/main.o
 .debug_abbrev  0x0000000000000186      0x10e e:/quartus/nios2eds/bin/gnu/h-x86_64-mingw32/bin/../lib/gcc/nios2-elf/5.3.0/mno-hw-mul\libgcc.a(lib2-divmod.o)
 .debug_abbrev  0x0000000000000294       0x6f e:/quartus/nios2eds/bin/gnu/h-x86_64-mingw32/bin/../lib/gcc/nios2-elf/5.3.0/mno-hw-mul\libgcc.a(lib2-mul.o)
 .debug_abbrev  0x0000000000000303      0x1ee e:/quartus/nios2eds/bin/gnu/h-x86_64-mingw32/bin/../lib/gcc/nios2-elf/5.3.0/../../../../../H-x86_64-mingw32/nios2-elf/lib/mno-hw-mul\libsmallc.a(lib_a-printf.o)
 .debug_abbrev  0x00000000000004f1      0x1c0 e:/quartus/nios2eds/bin/gnu/h-x86_64-mingw32/bin/../lib/gcc/nios2-elf/5.3.0/../../../../../H-x86_64-mingw32/nios2-elf/lib/mno-hw-mul\libsmallc.a(lib_a-putchar.o)
 .debug_abbrev  0x00000000000006b1      0x1d6 e:/quartus/nios2eds/bin/gnu/h-x86_64-mingw32/bin/../lib/gcc/nios2-elf/5.3.0/../../../../../H-x86_64-mingw32/nios2-elf/lib/mno-hw-mul\libsmallc.a(lib_a-puts.o)
 .debug_abbrev  0x0000000000000887       0x7f e:/quartus/nios2eds/bin/gnu/h-x86_64-mingw32/bin/../lib/gcc/nios2-elf/5.3.0/../../../../../H-x86_64-mingw32/nios2-elf/lib/mno-hw-mul\libsmallc.a(lib_a-strlen.o)
 .debug_abbrev  0x0000000000000906      0x2a1 e:/quartus/nios2eds/bin/gnu/h-x86_64-mingw32/bin/../lib/gcc/nios2-elf/5.3.0/../../../../../H-x86_64-mingw32/nios2-elf/lib/mno-hw-mul\libsmallc.a(lib_a-vfprintf.o)
 .debug_abbrev  0x0000000000000ba7      0x1bc e:/quartus/nios2eds/bin/gnu/h-x86_64-mingw32/bin/../lib/gcc/nios2-elf/5.3.0/../../../../../H-x86_64-mingw32/nios2-elf/lib/mno-hw-mul\libsmallc.a(lib_a-fvwrite_small_dev.o)
 .debug_abbrev  0x0000000000000d63      0x14a e:/quartus/nios2eds/bin/gnu/h-x86_64-mingw32/bin/../lib/gcc/nios2-elf/5.3.0/../../../../../H-x86_64-mingw32/nios2-elf/lib/mno-hw-mul\libsmallc.a(lib_a-impure.o)
 .debug_abbrev  0x0000000000000ead      0x1bd e:/quartus/nios2eds/bin/gnu/h-x86_64-mingw32/bin/../lib/gcc/nios2-elf/5.3.0/../../../../../H-x86_64-mingw32/nios2-elf/lib/mno-hw-mul\libsmallc.a(lib_a-putc.o)
 .debug_abbrev  0x000000000000106a      0x1a6 e:/quartus/nios2eds/bin/gnu/h-x86_64-mingw32/bin/../lib/gcc/nios2-elf/5.3.0/../../../../../H-x86_64-mingw32/nios2-elf/lib/mno-hw-mul\libsmallc.a(lib_a-writer.o)
 .debug_abbrev  0x0000000000001210       0x37 e:/quartus/nios2eds/bin/gnu/h-x86_64-mingw32/bin/../lib/gcc/nios2-elf/5.3.0/../../../../../H-x86_64-mingw32/nios2-elf/lib/mno-hw-mul\libsmallc.a(lib_a-int_errno.o)
 .debug_abbrev  0x0000000000001247       0x9f ../nios2leds_bsp/\libhal_bsp.a(alt_load.o)
 .debug_abbrev  0x00000000000012e6       0xa9 ../nios2leds_bsp/\libhal_bsp.a(alt_main.o)
 .debug_abbrev  0x000000000000138f       0x60 ../nios2leds_bsp/\libhal_bsp.a(alt_usleep.o)
 .debug_abbrev  0x00000000000013ef       0xf9 ../nios2leds_bsp/\libhal_bsp.a(alt_write.o)
 .debug_abbrev  0x00000000000014e8       0xf2 ../nios2leds_bsp/\libhal_bsp.a(alt_sys_init.o)
 .debug_abbrev  0x00000000000015da       0xd5 ../nios2leds_bsp/\libhal_bsp.a(altera_avalon_jtag_uart_write.o)
 .debug_abbrev  0x00000000000016af      0x155 ../nios2leds_bsp/\libhal_bsp.a(altera_avalon_timer_sc.o)
 .debug_abbrev  0x0000000000001804       0x7e ../nios2leds_bsp/\libhal_bsp.a(alt_busy_sleep.o)
 .debug_abbrev  0x0000000000001882       0x42 ../nios2leds_bsp/\libhal_bsp.a(alt_dcache_flush_all.o)
 .debug_abbrev  0x00000000000018c4       0x5a ../nios2leds_bsp/\libhal_bsp.a(alt_errno.o)
 .debug_abbrev  0x000000000000191e       0x42 ../nios2leds_bsp/\libhal_bsp.a(alt_icache_flush_all.o)
 .debug_abbrev  0x0000000000001960      0x163 ../nios2leds_bsp/\libhal_bsp.a(alt_iic.o)
 .debug_abbrev  0x0000000000001ac3      0x169 ../nios2leds_bsp/\libhal_bsp.a(alt_iic_isr_register.o)
 .debug_abbrev  0x0000000000001c2c       0x12 ../nios2leds_bsp/\libhal_bsp.a(alt_irq_entry.o)
 .debug_abbrev  0x0000000000001c3e      0x122 ../nios2leds_bsp/\libhal_bsp.a(alt_irq_handler.o)
 .debug_abbrev  0x0000000000001d60       0x40 ../nios2leds_bsp/\libhal_bsp.a(alt_irq_vars.o)
 .debug_abbrev  0x0000000000001da0      0x15a ../nios2leds_bsp/\libhal_bsp.a(alt_tick.o)
 .debug_abbrev  0x0000000000001efa       0x42 ../nios2leds_bsp/\libhal_bsp.a(altera_nios2_gen2_irq.o)
 .debug_abbrev  0x0000000000001f3c       0x12 ../nios2leds_bsp/\libhal_bsp.a(alt_exception_entry.o)

.debug_line     0x0000000000000000     0x21b7
 *(.debug_line)
 .debug_line    0x0000000000000000       0x54 ../nios2leds_bsp//obj/HAL/src/crt0.o
 .debug_line    0x0000000000000054       0xda obj/default/main.o
 .debug_line    0x000000000000012e      0x105 e:/quartus/nios2eds/bin/gnu/h-x86_64-mingw32/bin/../lib/gcc/nios2-elf/5.3.0/mno-hw-mul\libgcc.a(lib2-divmod.o)
 .debug_line    0x0000000000000233       0x80 e:/quartus/nios2eds/bin/gnu/h-x86_64-mingw32/bin/../lib/gcc/nios2-elf/5.3.0/mno-hw-mul\libgcc.a(lib2-mul.o)
 .debug_line    0x00000000000002b3      0x203 e:/quartus/nios2eds/bin/gnu/h-x86_64-mingw32/bin/../lib/gcc/nios2-elf/5.3.0/../../../../../H-x86_64-mingw32/nios2-elf/lib/mno-hw-mul\libsmallc.a(lib_a-printf.o)
 .debug_line    0x00000000000004b6      0x1e9 e:/quartus/nios2eds/bin/gnu/h-x86_64-mingw32/bin/../lib/gcc/nios2-elf/5.3.0/../../../../../H-x86_64-mingw32/nios2-elf/lib/mno-hw-mul\libsmallc.a(lib_a-putchar.o)
 .debug_line    0x000000000000069f      0x206 e:/quartus/nios2eds/bin/gnu/h-x86_64-mingw32/bin/../lib/gcc/nios2-elf/5.3.0/../../../../../H-x86_64-mingw32/nios2-elf/lib/mno-hw-mul\libsmallc.a(lib_a-puts.o)
 .debug_line    0x00000000000008a5      0x15c e:/quartus/nios2eds/bin/gnu/h-x86_64-mingw32/bin/../lib/gcc/nios2-elf/5.3.0/../../../../../H-x86_64-mingw32/nios2-elf/lib/mno-hw-mul\libsmallc.a(lib_a-strlen.o)
 .debug_line    0x0000000000000a01      0x351 e:/quartus/nios2eds/bin/gnu/h-x86_64-mingw32/bin/../lib/gcc/nios2-elf/5.3.0/../../../../../H-x86_64-mingw32/nios2-elf/lib/mno-hw-mul\libsmallc.a(lib_a-vfprintf.o)
 .debug_line    0x0000000000000d52      0x1f0 e:/quartus/nios2eds/bin/gnu/h-x86_64-mingw32/bin/../lib/gcc/nios2-elf/5.3.0/../../../../../H-x86_64-mingw32/nios2-elf/lib/mno-hw-mul\libsmallc.a(lib_a-fvwrite_small_dev.o)
 .debug_line    0x0000000000000f42      0x156 e:/quartus/nios2eds/bin/gnu/h-x86_64-mingw32/bin/../lib/gcc/nios2-elf/5.3.0/../../../../../H-x86_64-mingw32/nios2-elf/lib/mno-hw-mul\libsmallc.a(lib_a-impure.o)
 .debug_line    0x0000000000001098      0x202 e:/quartus/nios2eds/bin/gnu/h-x86_64-mingw32/bin/../lib/gcc/nios2-elf/5.3.0/../../../../../H-x86_64-mingw32/nios2-elf/lib/mno-hw-mul\libsmallc.a(lib_a-putc.o)
 .debug_line    0x000000000000129a      0x1ed e:/quartus/nios2eds/bin/gnu/h-x86_64-mingw32/bin/../lib/gcc/nios2-elf/5.3.0/../../../../../H-x86_64-mingw32/nios2-elf/lib/mno-hw-mul\libsmallc.a(lib_a-writer.o)
 .debug_line    0x0000000000001487       0x5f e:/quartus/nios2eds/bin/gnu/h-x86_64-mingw32/bin/../lib/gcc/nios2-elf/5.3.0/../../../../../H-x86_64-mingw32/nios2-elf/lib/mno-hw-mul\libsmallc.a(lib_a-int_errno.o)
 .debug_line    0x00000000000014e6       0x8e ../nios2leds_bsp/\libhal_bsp.a(alt_load.o)
 .debug_line    0x0000000000001574       0x99 ../nios2leds_bsp/\libhal_bsp.a(alt_main.o)
 .debug_line    0x000000000000160d       0xa1 ../nios2leds_bsp/\libhal_bsp.a(alt_usleep.o)
 .debug_line    0x00000000000016ae      0x159 ../nios2leds_bsp/\libhal_bsp.a(alt_write.o)
 .debug_line    0x0000000000001807      0x104 ../nios2leds_bsp/\libhal_bsp.a(alt_sys_init.o)
 .debug_line    0x000000000000190b       0xf4 ../nios2leds_bsp/\libhal_bsp.a(altera_avalon_jtag_uart_write.o)
 .debug_line    0x00000000000019ff       0xfd ../nios2leds_bsp/\libhal_bsp.a(altera_avalon_timer_sc.o)
 .debug_line    0x0000000000001afc       0xa2 ../nios2leds_bsp/\libhal_bsp.a(alt_busy_sleep.o)
 .debug_line    0x0000000000001b9e       0x51 ../nios2leds_bsp/\libhal_bsp.a(alt_dcache_flush_all.o)
 .debug_line    0x0000000000001bef       0x51 ../nios2leds_bsp/\libhal_bsp.a(alt_errno.o)
 .debug_line    0x0000000000001c40       0x4f ../nios2leds_bsp/\libhal_bsp.a(alt_icache_flush_all.o)
 .debug_line    0x0000000000001c8f       0xeb ../nios2leds_bsp/\libhal_bsp.a(alt_iic.o)
 .debug_line    0x0000000000001d7a       0xdb ../nios2leds_bsp/\libhal_bsp.a(alt_iic_isr_register.o)
 .debug_line    0x0000000000001e55       0x6b ../nios2leds_bsp/\libhal_bsp.a(alt_irq_entry.o)
 .debug_line    0x0000000000001ec0       0xaa ../nios2leds_bsp/\libhal_bsp.a(alt_irq_handler.o)
 .debug_line    0x0000000000001f6a       0x50 ../nios2leds_bsp/\libhal_bsp.a(alt_irq_vars.o)
 .debug_line    0x0000000000001fba       0xff ../nios2leds_bsp/\libhal_bsp.a(alt_tick.o)
 .debug_line    0x00000000000020b9       0x51 ../nios2leds_bsp/\libhal_bsp.a(altera_nios2_gen2_irq.o)
 .debug_line    0x000000000000210a       0xad ../nios2leds_bsp/\libhal_bsp.a(alt_exception_entry.o)

.debug_frame    0x0000000000000000      0x854
 *(.debug_frame)
 .debug_frame   0x0000000000000000      0x134 obj/default/main.o
 .debug_frame   0x0000000000000134       0x50 e:/quartus/nios2eds/bin/gnu/h-x86_64-mingw32/bin/../lib/gcc/nios2-elf/5.3.0/mno-hw-mul\libgcc.a(lib2-divmod.o)
 .debug_frame   0x0000000000000184       0x20 e:/quartus/nios2eds/bin/gnu/h-x86_64-mingw32/bin/../lib/gcc/nios2-elf/5.3.0/mno-hw-mul\libgcc.a(lib2-mul.o)
 .debug_frame   0x00000000000001a4       0x48 e:/quartus/nios2eds/bin/gnu/h-x86_64-mingw32/bin/../lib/gcc/nios2-elf/5.3.0/../../../../../H-x86_64-mingw32/nios2-elf/lib/mno-hw-mul\libsmallc.a(lib_a-printf.o)
 .debug_frame   0x00000000000001ec       0x30 e:/quartus/nios2eds/bin/gnu/h-x86_64-mingw32/bin/../lib/gcc/nios2-elf/5.3.0/../../../../../H-x86_64-mingw32/nios2-elf/lib/mno-hw-mul\libsmallc.a(lib_a-putchar.o)
 .debug_frame   0x000000000000021c       0x48 e:/quartus/nios2eds/bin/gnu/h-x86_64-mingw32/bin/../lib/gcc/nios2-elf/5.3.0/../../../../../H-x86_64-mingw32/nios2-elf/lib/mno-hw-mul\libsmallc.a(lib_a-puts.o)
 .debug_frame   0x0000000000000264       0x20 e:/quartus/nios2eds/bin/gnu/h-x86_64-mingw32/bin/../lib/gcc/nios2-elf/5.3.0/../../../../../H-x86_64-mingw32/nios2-elf/lib/mno-hw-mul\libsmallc.a(lib_a-strlen.o)
 .debug_frame   0x0000000000000284       0x8c e:/quartus/nios2eds/bin/gnu/h-x86_64-mingw32/bin/../lib/gcc/nios2-elf/5.3.0/../../../../../H-x86_64-mingw32/nios2-elf/lib/mno-hw-mul\libsmallc.a(lib_a-vfprintf.o)
 .debug_frame   0x0000000000000310       0x58 e:/quartus/nios2eds/bin/gnu/h-x86_64-mingw32/bin/../lib/gcc/nios2-elf/5.3.0/../../../../../H-x86_64-mingw32/nios2-elf/lib/mno-hw-mul\libsmallc.a(lib_a-fvwrite_small_dev.o)
 .debug_frame   0x0000000000000368       0x50 e:/quartus/nios2eds/bin/gnu/h-x86_64-mingw32/bin/../lib/gcc/nios2-elf/5.3.0/../../../../../H-x86_64-mingw32/nios2-elf/lib/mno-hw-mul\libsmallc.a(lib_a-putc.o)
 .debug_frame   0x00000000000003b8       0x38 e:/quartus/nios2eds/bin/gnu/h-x86_64-mingw32/bin/../lib/gcc/nios2-elf/5.3.0/../../../../../H-x86_64-mingw32/nios2-elf/lib/mno-hw-mul\libsmallc.a(lib_a-writer.o)
 .debug_frame   0x00000000000003f0       0x5c ../nios2leds_bsp/\libhal_bsp.a(alt_load.o)
 .debug_frame   0x000000000000044c       0x38 ../nios2leds_bsp/\libhal_bsp.a(alt_main.o)
 .debug_frame   0x0000000000000484       0x38 ../nios2leds_bsp/\libhal_bsp.a(alt_usleep.o)
 .debug_frame   0x00000000000004bc       0x60 ../nios2leds_bsp/\libhal_bsp.a(alt_write.o)
 .debug_frame   0x000000000000051c       0x60 ../nios2leds_bsp/\libhal_bsp.a(alt_sys_init.o)
 .debug_frame   0x000000000000057c       0x34 ../nios2leds_bsp/\libhal_bsp.a(altera_avalon_jtag_uart_write.o)
 .debug_frame   0x00000000000005b0       0x60 ../nios2leds_bsp/\libhal_bsp.a(altera_avalon_timer_sc.o)
 .debug_frame   0x0000000000000610       0x38 ../nios2leds_bsp/\libhal_bsp.a(alt_busy_sleep.o)
 .debug_frame   0x0000000000000648       0x34 ../nios2leds_bsp/\libhal_bsp.a(alt_dcache_flush_all.o)
 .debug_frame   0x000000000000067c       0x34 ../nios2leds_bsp/\libhal_bsp.a(alt_icache_flush_all.o)
 .debug_frame   0x00000000000006b0       0xa4 ../nios2leds_bsp/\libhal_bsp.a(alt_iic.o)
 .debug_frame   0x0000000000000754       0x38 ../nios2leds_bsp/\libhal_bsp.a(alt_iic_isr_register.o)
 .debug_frame   0x000000000000078c       0x38 ../nios2leds_bsp/\libhal_bsp.a(alt_irq_handler.o)
 .debug_frame   0x00000000000007c4       0x5c ../nios2leds_bsp/\libhal_bsp.a(alt_tick.o)
 .debug_frame   0x0000000000000820       0x34 ../nios2leds_bsp/\libhal_bsp.a(altera_nios2_gen2_irq.o)

.debug_str      0x0000000000000000     0x13c7
 *(.debug_str)
 .debug_str     0x0000000000000000      0x17a obj/default/main.o
                                        0x1cf (size before relaxing)
 .debug_str     0x000000000000017a      0x187 e:/quartus/nios2eds/bin/gnu/h-x86_64-mingw32/bin/../lib/gcc/nios2-elf/5.3.0/mno-hw-mul\libgcc.a(lib2-divmod.o)
                                        0x1d2 (size before relaxing)
 .debug_str     0x0000000000000301       0x40 e:/quartus/nios2eds/bin/gnu/h-x86_64-mingw32/bin/../lib/gcc/nios2-elf/5.3.0/mno-hw-mul\libgcc.a(lib2-mul.o)
                                        0x193 (size before relaxing)
 .debug_str     0x0000000000000341      0x438 e:/quartus/nios2eds/bin/gnu/h-x86_64-mingw32/bin/../lib/gcc/nios2-elf/5.3.0/../../../../../H-x86_64-mingw32/nios2-elf/lib/mno-hw-mul\libsmallc.a(lib_a-printf.o)
                                        0x504 (size before relaxing)
 .debug_str     0x0000000000000779       0x58 e:/quartus/nios2eds/bin/gnu/h-x86_64-mingw32/bin/../lib/gcc/nios2-elf/5.3.0/../../../../../H-x86_64-mingw32/nios2-elf/lib/mno-hw-mul\libsmallc.a(lib_a-putchar.o)
                                        0x4c1 (size before relaxing)
 .debug_str     0x00000000000007d1       0x63 e:/quartus/nios2eds/bin/gnu/h-x86_64-mingw32/bin/../lib/gcc/nios2-elf/5.3.0/../../../../../H-x86_64-mingw32/nios2-elf/lib/mno-hw-mul\libsmallc.a(lib_a-puts.o)
                                        0x4cd (size before relaxing)
 .debug_str     0x0000000000000834       0xd2 e:/quartus/nios2eds/bin/gnu/h-x86_64-mingw32/bin/../lib/gcc/nios2-elf/5.3.0/../../../../../H-x86_64-mingw32/nios2-elf/lib/mno-hw-mul\libsmallc.a(lib_a-strlen.o)
                                        0x1e5 (size before relaxing)
 .debug_str     0x0000000000000906      0x1f8 e:/quartus/nios2eds/bin/gnu/h-x86_64-mingw32/bin/../lib/gcc/nios2-elf/5.3.0/../../../../../H-x86_64-mingw32/nios2-elf/lib/mno-hw-mul\libsmallc.a(lib_a-vfprintf.o)
                                        0x67f (size before relaxing)
 .debug_str     0x0000000000000afe       0x63 e:/quartus/nios2eds/bin/gnu/h-x86_64-mingw32/bin/../lib/gcc/nios2-elf/5.3.0/../../../../../H-x86_64-mingw32/nios2-elf/lib/mno-hw-mul\libsmallc.a(lib_a-fvwrite_small_dev.o)
                                        0x4d4 (size before relaxing)
 .debug_str     0x0000000000000b61       0xef e:/quartus/nios2eds/bin/gnu/h-x86_64-mingw32/bin/../lib/gcc/nios2-elf/5.3.0/../../../../../H-x86_64-mingw32/nios2-elf/lib/mno-hw-mul\libsmallc.a(lib_a-impure.o)
                                        0x4be (size before relaxing)
 .debug_str     0x0000000000000c50       0x46 e:/quartus/nios2eds/bin/gnu/h-x86_64-mingw32/bin/../lib/gcc/nios2-elf/5.3.0/../../../../../H-x86_64-mingw32/nios2-elf/lib/mno-hw-mul\libsmallc.a(lib_a-putc.o)
                                        0x4cb (size before relaxing)
 .debug_str     0x0000000000000c96       0x45 e:/quartus/nios2eds/bin/gnu/h-x86_64-mingw32/bin/../lib/gcc/nios2-elf/5.3.0/../../../../../H-x86_64-mingw32/nios2-elf/lib/mno-hw-mul\libsmallc.a(lib_a-writer.o)
                                        0x4b8 (size before relaxing)
 .debug_str     0x0000000000000cdb       0x3f e:/quartus/nios2eds/bin/gnu/h-x86_64-mingw32/bin/../lib/gcc/nios2-elf/5.3.0/../../../../../H-x86_64-mingw32/nios2-elf/lib/mno-hw-mul\libsmallc.a(lib_a-int_errno.o)
                                        0x1d8 (size before relaxing)
 .debug_str     0x0000000000000d1a      0x12b ../nios2leds_bsp/\libhal_bsp.a(alt_load.o)
                                        0x212 (size before relaxing)
 .debug_str     0x0000000000000e45       0x70 ../nios2leds_bsp/\libhal_bsp.a(alt_main.o)
                                        0x196 (size before relaxing)
 .debug_str     0x0000000000000eb5       0x27 ../nios2leds_bsp/\libhal_bsp.a(alt_usleep.o)
                                        0x148 (size before relaxing)
 .debug_str     0x0000000000000edc       0x74 ../nios2leds_bsp/\libhal_bsp.a(alt_write.o)
                                        0x1de (size before relaxing)
 .debug_str     0x0000000000000f50       0xb8 ../nios2leds_bsp/\libhal_bsp.a(alt_sys_init.o)
                                        0x241 (size before relaxing)
 .debug_str     0x0000000000001008       0x2c ../nios2leds_bsp/\libhal_bsp.a(altera_avalon_jtag_uart_write.o)
                                        0x215 (size before relaxing)
 .debug_str     0x0000000000001034       0xb6 ../nios2leds_bsp/\libhal_bsp.a(altera_avalon_timer_sc.o)
                                        0x24b (size before relaxing)
 .debug_str     0x00000000000010ea       0x42 ../nios2leds_bsp/\libhal_bsp.a(alt_busy_sleep.o)
                                        0x16b (size before relaxing)
 .debug_str     0x000000000000112c       0x34 ../nios2leds_bsp/\libhal_bsp.a(alt_dcache_flush_all.o)
                                        0x155 (size before relaxing)
 .debug_str     0x0000000000001160       0x14 ../nios2leds_bsp/\libhal_bsp.a(alt_errno.o)
                                        0x145 (size before relaxing)
 .debug_str     0x0000000000001174       0x34 ../nios2leds_bsp/\libhal_bsp.a(alt_icache_flush_all.o)
                                        0x155 (size before relaxing)
 .debug_str     0x00000000000011a8       0xc4 ../nios2leds_bsp/\libhal_bsp.a(alt_iic.o)
                                        0x23e (size before relaxing)
 .debug_str     0x000000000000126c       0x4c ../nios2leds_bsp/\libhal_bsp.a(alt_iic_isr_register.o)
                                        0x1e8 (size before relaxing)
 .debug_str     0x00000000000012b8       0x3a ../nios2leds_bsp/\libhal_bsp.a(alt_irq_handler.o)
                                        0x197 (size before relaxing)
 .debug_str     0x00000000000012f2       0x17 ../nios2leds_bsp/\libhal_bsp.a(alt_irq_vars.o)
                                        0x13a (size before relaxing)
 .debug_str     0x0000000000001309       0x83 ../nios2leds_bsp/\libhal_bsp.a(alt_tick.o)
                                        0x252 (size before relaxing)
 .debug_str     0x000000000000138c       0x3b ../nios2leds_bsp/\libhal_bsp.a(altera_nios2_gen2_irq.o)
                                        0x15c (size before relaxing)

.debug_loc      0x0000000000000000     0x132c
 *(.debug_loc)
 .debug_loc     0x0000000000000000      0x4ce e:/quartus/nios2eds/bin/gnu/h-x86_64-mingw32/bin/../lib/gcc/nios2-elf/5.3.0/mno-hw-mul\libgcc.a(lib2-divmod.o)
 .debug_loc     0x00000000000004ce       0x93 e:/quartus/nios2eds/bin/gnu/h-x86_64-mingw32/bin/../lib/gcc/nios2-elf/5.3.0/mno-hw-mul\libgcc.a(lib2-mul.o)
 .debug_loc     0x0000000000000561       0xc6 e:/quartus/nios2eds/bin/gnu/h-x86_64-mingw32/bin/../lib/gcc/nios2-elf/5.3.0/../../../../../H-x86_64-mingw32/nios2-elf/lib/mno-hw-mul\libsmallc.a(lib_a-printf.o)
 .debug_loc     0x0000000000000627       0x81 e:/quartus/nios2eds/bin/gnu/h-x86_64-mingw32/bin/../lib/gcc/nios2-elf/5.3.0/../../../../../H-x86_64-mingw32/nios2-elf/lib/mno-hw-mul\libsmallc.a(lib_a-putchar.o)
 .debug_loc     0x00000000000006a8       0x97 e:/quartus/nios2eds/bin/gnu/h-x86_64-mingw32/bin/../lib/gcc/nios2-elf/5.3.0/../../../../../H-x86_64-mingw32/nios2-elf/lib/mno-hw-mul\libsmallc.a(lib_a-puts.o)
 .debug_loc     0x000000000000073f       0x1e e:/quartus/nios2eds/bin/gnu/h-x86_64-mingw32/bin/../lib/gcc/nios2-elf/5.3.0/../../../../../H-x86_64-mingw32/nios2-elf/lib/mno-hw-mul\libsmallc.a(lib_a-strlen.o)
 .debug_loc     0x000000000000075d      0x954 e:/quartus/nios2eds/bin/gnu/h-x86_64-mingw32/bin/../lib/gcc/nios2-elf/5.3.0/../../../../../H-x86_64-mingw32/nios2-elf/lib/mno-hw-mul\libsmallc.a(lib_a-vfprintf.o)
 .debug_loc     0x00000000000010b1      0x110 e:/quartus/nios2eds/bin/gnu/h-x86_64-mingw32/bin/../lib/gcc/nios2-elf/5.3.0/../../../../../H-x86_64-mingw32/nios2-elf/lib/mno-hw-mul\libsmallc.a(lib_a-fvwrite_small_dev.o)
 .debug_loc     0x00000000000011c1       0xc6 e:/quartus/nios2eds/bin/gnu/h-x86_64-mingw32/bin/../lib/gcc/nios2-elf/5.3.0/../../../../../H-x86_64-mingw32/nios2-elf/lib/mno-hw-mul\libsmallc.a(lib_a-putc.o)
 .debug_loc     0x0000000000001287       0xa5 e:/quartus/nios2eds/bin/gnu/h-x86_64-mingw32/bin/../lib/gcc/nios2-elf/5.3.0/../../../../../H-x86_64-mingw32/nios2-elf/lib/mno-hw-mul\libsmallc.a(lib_a-writer.o)

.debug_macinfo
 *(.debug_macinfo)

.debug_weaknames
 *(.debug_weaknames)

.debug_funcnames
 *(.debug_funcnames)

.debug_typenames
 *(.debug_typenames)

.debug_varnames
 *(.debug_varnames)

.debug_alt_sim_info
                0x0000000000000000       0x40
 *(.debug_alt_sim_info)
 .debug_alt_sim_info
                0x0000000000000000       0x10 ../nios2leds_bsp//obj/HAL/src/crt0.o
 .debug_alt_sim_info
                0x0000000000000010       0x30 ../nios2leds_bsp/\libhal_bsp.a(alt_busy_sleep.o)
                0x0000000000020000                __alt_data_end = 0x20000
                0x0000000000020000                PROVIDE (__alt_stack_pointer, __alt_data_end)
                [!provide]                        PROVIDE (__alt_stack_limit, __alt_stack_base)
                [!provide]                        PROVIDE (__alt_heap_start, end)
                [!provide]                        PROVIDE (__alt_heap_limit, 0x20000)
OUTPUT(nios2leds_app.elf elf32-littlenios2)

.debug_ranges   0x0000000000000000      0x238
 .debug_ranges  0x0000000000000000       0x60 e:/quartus/nios2eds/bin/gnu/h-x86_64-mingw32/bin/../lib/gcc/nios2-elf/5.3.0/mno-hw-mul\libgcc.a(lib2-divmod.o)
 .debug_ranges  0x0000000000000060       0x18 e:/quartus/nios2eds/bin/gnu/h-x86_64-mingw32/bin/../lib/gcc/nios2-elf/5.3.0/../../../../../H-x86_64-mingw32/nios2-elf/lib/mno-hw-mul\libsmallc.a(lib_a-printf.o)
 .debug_ranges  0x0000000000000078       0x18 e:/quartus/nios2eds/bin/gnu/h-x86_64-mingw32/bin/../lib/gcc/nios2-elf/5.3.0/../../../../../H-x86_64-mingw32/nios2-elf/lib/mno-hw-mul\libsmallc.a(lib_a-putchar.o)
 .debug_ranges  0x0000000000000090       0x18 e:/quartus/nios2eds/bin/gnu/h-x86_64-mingw32/bin/../lib/gcc/nios2-elf/5.3.0/../../../../../H-x86_64-mingw32/nios2-elf/lib/mno-hw-mul\libsmallc.a(lib_a-puts.o)
 .debug_ranges  0x00000000000000a8       0x10 e:/quartus/nios2eds/bin/gnu/h-x86_64-mingw32/bin/../lib/gcc/nios2-elf/5.3.0/../../../../../H-x86_64-mingw32/nios2-elf/lib/mno-hw-mul\libsmallc.a(lib_a-strlen.o)
 .debug_ranges  0x00000000000000b8       0xc8 e:/quartus/nios2eds/bin/gnu/h-x86_64-mingw32/bin/../lib/gcc/nios2-elf/5.3.0/../../../../../H-x86_64-mingw32/nios2-elf/lib/mno-hw-mul\libsmallc.a(lib_a-vfprintf.o)
 .debug_ranges  0x0000000000000180       0x28 e:/quartus/nios2eds/bin/gnu/h-x86_64-mingw32/bin/../lib/gcc/nios2-elf/5.3.0/../../../../../H-x86_64-mingw32/nios2-elf/lib/mno-hw-mul\libsmallc.a(lib_a-fvwrite_small_dev.o)
 .debug_ranges  0x00000000000001a8       0x18 e:/quartus/nios2eds/bin/gnu/h-x86_64-mingw32/bin/../lib/gcc/nios2-elf/5.3.0/../../../../../H-x86_64-mingw32/nios2-elf/lib/mno-hw-mul\libsmallc.a(lib_a-putc.o)
 .debug_ranges  0x00000000000001c0       0x10 e:/quartus/nios2eds/bin/gnu/h-x86_64-mingw32/bin/../lib/gcc/nios2-elf/5.3.0/../../../../../H-x86_64-mingw32/nios2-elf/lib/mno-hw-mul\libsmallc.a(lib_a-writer.o)
 .debug_ranges  0x00000000000001d0       0x28 ../nios2leds_bsp/\libhal_bsp.a(alt_irq_entry.o)
 .debug_ranges  0x00000000000001f8       0x10 ../nios2leds_bsp/\libhal_bsp.a(alt_irq_handler.o)
 .debug_ranges  0x0000000000000208       0x30 ../nios2leds_bsp/\libhal_bsp.a(alt_exception_entry.o)
