------------------------------------------------------------
Timing Analyzer Summary
------------------------------------------------------------

Type  : Slow 1100mV 100C Model Setup 'altera_reserved_tck'
Slack : 10.651
TNS   : 0.000

Type  : Slow 1100mV 100C Model Setup 'clk'
Slack : 38.655
TNS   : 0.000

Type  : Slow 1100mV 100C Model Hold 'altera_reserved_tck'
Slack : 0.149
TNS   : 0.000

Type  : Slow 1100mV 100C Model Hold 'clk'
Slack : 0.353
TNS   : 0.000

Type  : Slow 1100mV 100C Model Recovery 'altera_reserved_tck'
Slack : 14.786
TNS   : 0.000

Type  : Slow 1100mV 100C Model Recovery 'clk'
Slack : 44.404
TNS   : 0.000

Type  : Slow 1100mV 100C Model Removal 'clk'
Slack : 0.675
TNS   : 0.000

Type  : Slow 1100mV 100C Model Removal 'altera_reserved_tck'
Slack : 1.035
TNS   : 0.000

Type  : Slow 1100mV 100C Model Minimum Pulse Width 'altera_reserved_tck'
Slack : 15.729
TNS   : 0.000

Type  : Slow 1100mV 100C Model Minimum Pulse Width 'clk'
Slack : 23.634
TNS   : 0.000

Type  : Slow 1100mV -40C Model Setup 'altera_reserved_tck'
Slack : 10.765
TNS   : 0.000

Type  : Slow 1100mV -40C Model Setup 'clk'
Slack : 39.025
TNS   : 0.000

Type  : Slow 1100mV -40C Model Hold 'altera_reserved_tck'
Slack : 0.137
TNS   : 0.000

Type  : Slow 1100mV -40C Model Hold 'clk'
Slack : 0.329
TNS   : 0.000

Type  : Slow 1100mV -40C Model Recovery 'altera_reserved_tck'
Slack : 14.951
TNS   : 0.000

Type  : Slow 1100mV -40C Model Recovery 'clk'
Slack : 44.679
TNS   : 0.000

Type  : Slow 1100mV -40C Model Removal 'clk'
Slack : 0.586
TNS   : 0.000

Type  : Slow 1100mV -40C Model Removal 'altera_reserved_tck'
Slack : 0.966
TNS   : 0.000

Type  : Slow 1100mV -40C Model Minimum Pulse Width 'altera_reserved_tck'
Slack : 15.763
TNS   : 0.000

Type  : Slow 1100mV -40C Model Minimum Pulse Width 'clk'
Slack : 23.543
TNS   : 0.000

Type  : Fast 1100mV 100C Model Setup 'altera_reserved_tck'
Slack : 13.653
TNS   : 0.000

Type  : Fast 1100mV 100C Model Setup 'clk'
Slack : 43.532
TNS   : 0.000

Type  : Fast 1100mV 100C Model Hold 'altera_reserved_tck'
Slack : 0.025
TNS   : 0.000

Type  : Fast 1100mV 100C Model Hold 'clk'
Slack : 0.169
TNS   : 0.000

Type  : Fast 1100mV 100C Model Recovery 'altera_reserved_tck'
Slack : 16.110
TNS   : 0.000

Type  : Fast 1100mV 100C Model Recovery 'clk'
Slack : 46.426
TNS   : 0.000

Type  : Fast 1100mV 100C Model Removal 'clk'
Slack : 0.310
TNS   : 0.000

Type  : Fast 1100mV 100C Model Removal 'altera_reserved_tck'
Slack : 0.427
TNS   : 0.000

Type  : Fast 1100mV 100C Model Minimum Pulse Width 'altera_reserved_tck'
Slack : 15.755
TNS   : 0.000

Type  : Fast 1100mV 100C Model Minimum Pulse Width 'clk'
Slack : 23.790
TNS   : 0.000

Type  : Fast 1100mV -40C Model Setup 'altera_reserved_tck'
Slack : 14.122
TNS   : 0.000

Type  : Fast 1100mV -40C Model Setup 'clk'
Slack : 44.593
TNS   : 0.000

Type  : Fast 1100mV -40C Model Hold 'altera_reserved_tck'
Slack : 0.003
TNS   : 0.000

Type  : Fast 1100mV -40C Model Hold 'clk'
Slack : 0.144
TNS   : 0.000

Type  : Fast 1100mV -40C Model Recovery 'altera_reserved_tck'
Slack : 16.185
TNS   : 0.000

Type  : Fast 1100mV -40C Model Recovery 'clk'
Slack : 47.094
TNS   : 0.000

Type  : Fast 1100mV -40C Model Removal 'clk'
Slack : 0.225
TNS   : 0.000

Type  : Fast 1100mV -40C Model Removal 'altera_reserved_tck'
Slack : 0.334
TNS   : 0.000

Type  : Fast 1100mV -40C Model Minimum Pulse Width 'altera_reserved_tck'
Slack : 15.801
TNS   : 0.000

Type  : Fast 1100mV -40C Model Minimum Pulse Width 'clk'
Slack : 23.779
TNS   : 0.000

------------------------------------------------------------
